[0.089s] DEBUG:colcon:Command line arguments: ['/usr/bin/colcon', 'build']
[0.089s] DEBUG:colcon:Parsed command line arguments: Namespace(log_base=None, log_level=None, verb_name='build', build_base='build', install_base='install', merge_install=False, symlink_install=False, test_result_base=None, continue_on_error=False, executor='parallel', parallel_workers=16, event_handlers=None, ignore_user_meta=False, metas=['./colcon.meta'], base_paths=['.'], packages_ignore=None, packages_ignore_regex=None, paths=None, packages_up_to=None, packages_up_to_regex=None, packages_above=None, packages_above_and_dependencies=None, packages_above_depth=None, packages_select_by_dep=None, packages_skip_by_dep=None, packages_skip_up_to=None, packages_select_build_failed=False, packages_skip_build_finished=False, packages_select_test_failures=False, packages_skip_test_passed=False, packages_select=None, packages_skip=None, packages_select_regex=None, packages_skip_regex=None, packages_start=None, packages_end=None, allow_overriding=[], cmake_args=None, cmake_target=None, cmake_target_skip_unavailable=False, cmake_clean_cache=False, cmake_clean_first=False, cmake_force_configure=False, ament_cmake_args=None, catkin_cmake_args=None, catkin_skip_building_tests=False, verb_parser=<colcon_defaults.argument_parser.defaults.DefaultArgumentsDecorator object at 0x7f603fc3a890>, verb_extension=<colcon_core.verb.build.BuildVerb object at 0x7f603fc3a380>, main=<bound method BuildVerb.main of <colcon_core.verb.build.BuildVerb object at 0x7f603fc3a380>>)
[0.224s] Level 1:colcon.colcon_core.package_discovery:discover_packages(colcon_meta) check parameters
[0.225s] Level 1:colcon.colcon_core.package_discovery:discover_packages(recursive) check parameters
[0.225s] Level 1:colcon.colcon_core.package_discovery:discover_packages(ignore) check parameters
[0.225s] Level 1:colcon.colcon_core.package_discovery:discover_packages(path) check parameters
[0.225s] Level 1:colcon.colcon_core.package_discovery:discover_packages(colcon_meta) discover
[0.225s] Level 1:colcon.colcon_core.package_discovery:discover_packages(recursive) discover
[0.225s] INFO:colcon.colcon_core.package_discovery:Crawling recursively for packages in '/home/rmer/ros2/ros2-gamepad'
[0.225s] Level 1:colcon.colcon_core.package_identification:_identify(.) by extensions ['ignore', 'ignore_ament_install']
[0.225s] Level 1:colcon.colcon_core.package_identification:_identify(.) by extension 'ignore'
[0.225s] Level 1:colcon.colcon_core.package_identification:_identify(.) by extension 'ignore_ament_install'
[0.225s] Level 1:colcon.colcon_core.package_identification:_identify(.) by extensions ['colcon_pkg']
[0.225s] Level 1:colcon.colcon_core.package_identification:_identify(.) by extension 'colcon_pkg'
[0.225s] Level 1:colcon.colcon_core.package_identification:_identify(.) by extensions ['colcon_meta']
[0.225s] Level 1:colcon.colcon_core.package_identification:_identify(.) by extension 'colcon_meta'
[0.225s] Level 1:colcon.colcon_core.package_identification:_identify(.) by extensions ['ros']
[0.225s] Level 1:colcon.colcon_core.package_identification:_identify(.) by extension 'ros'
[0.238s] DEBUG:colcon.colcon_core.package_identification:Package '.' with type 'ros.ament_cmake' and name 'gamepad'
[0.238s] Level 1:colcon.colcon_core.package_discovery:discover_packages(recursive) using defaults
[0.238s] Level 1:colcon.colcon_core.package_discovery:discover_packages(ignore) discover
[0.238s] Level 1:colcon.colcon_core.package_discovery:discover_packages(ignore) using defaults
[0.238s] Level 1:colcon.colcon_core.package_discovery:discover_packages(path) discover
[0.238s] Level 1:colcon.colcon_core.package_discovery:discover_packages(path) using defaults
[0.256s] Level 1:colcon.colcon_core.package_discovery:discover_packages(prefix_path) check parameters
[0.256s] Level 1:colcon.colcon_core.package_discovery:discover_packages(prefix_path) discover
[0.258s] DEBUG:colcon.colcon_installed_package_information.package_discovery:Found 277 installed packages in /opt/ros/humble
[0.261s] Level 1:colcon.colcon_core.package_discovery:discover_packages(prefix_path) using defaults
[0.307s] Level 5:colcon.colcon_core.verb:set package 'gamepad' build argument 'cmake_args' from command line to 'None'
[0.307s] Level 5:colcon.colcon_core.verb:set package 'gamepad' build argument 'cmake_target' from command line to 'None'
[0.307s] Level 5:colcon.colcon_core.verb:set package 'gamepad' build argument 'cmake_target_skip_unavailable' from command line to 'False'
[0.308s] Level 5:colcon.colcon_core.verb:set package 'gamepad' build argument 'cmake_clean_cache' from command line to 'False'
[0.308s] Level 5:colcon.colcon_core.verb:set package 'gamepad' build argument 'cmake_clean_first' from command line to 'False'
[0.308s] Level 5:colcon.colcon_core.verb:set package 'gamepad' build argument 'cmake_force_configure' from command line to 'False'
[0.308s] Level 5:colcon.colcon_core.verb:set package 'gamepad' build argument 'ament_cmake_args' from command line to 'None'
[0.308s] Level 5:colcon.colcon_core.verb:set package 'gamepad' build argument 'catkin_cmake_args' from command line to 'None'
[0.308s] Level 5:colcon.colcon_core.verb:set package 'gamepad' build argument 'catkin_skip_building_tests' from command line to 'False'
[0.308s] DEBUG:colcon.colcon_core.verb:Building package 'gamepad' with the following arguments: {'ament_cmake_args': None, 'build_base': '/home/rmer/ros2/ros2-gamepad/build/gamepad', 'catkin_cmake_args': None, 'catkin_skip_building_tests': False, 'cmake_args': None, 'cmake_clean_cache': False, 'cmake_clean_first': False, 'cmake_force_configure': False, 'cmake_target': None, 'cmake_target_skip_unavailable': False, 'install_base': '/home/rmer/ros2/ros2-gamepad/install/gamepad', 'merge_install': False, 'path': '/home/rmer/ros2/ros2-gamepad', 'symlink_install': False, 'test_result_base': None}
[0.308s] INFO:colcon.colcon_core.executor:Executing jobs using 'parallel' executor
[0.309s] DEBUG:colcon.colcon_parallel_executor.executor.parallel:run_until_complete
[0.309s] INFO:colcon.colcon_ros.task.ament_cmake.build:Building ROS package in '/home/rmer/ros2/ros2-gamepad' with build type 'ament_cmake'
[0.309s] INFO:colcon.colcon_cmake.task.cmake.build:Building CMake package in '/home/rmer/ros2/ros2-gamepad'
[0.312s] INFO:colcon.colcon_core.plugin_system:Skipping extension 'colcon_core.shell.bat': Not used on non-Windows systems
[0.312s] INFO:colcon.colcon_core.shell:Skip shell extension 'powershell' for command environment: Not usable outside of PowerShell
[0.312s] DEBUG:colcon.colcon_core.shell:Skip shell extension 'dsv' for command environment
[0.324s] DEBUG:colcon.colcon_core.event_handler.log_command:Invoking command in '/home/rmer/ros2/ros2-gamepad/build/gamepad': CMAKE_PREFIX_PATH=/opt/ros/humble /usr/local/bin/cmake --build /home/rmer/ros2/ros2-gamepad/build/gamepad -- -j16 -l16
[4.574s] DEBUG:colcon.colcon_core.event_handler.log_command:Invoked command in '/home/rmer/ros2/ros2-gamepad/build/gamepad' returned '0': CMAKE_PREFIX_PATH=/opt/ros/humble /usr/local/bin/cmake --build /home/rmer/ros2/ros2-gamepad/build/gamepad -- -j16 -l16
[4.582s] DEBUG:colcon.colcon_core.event_handler.log_command:Invoking command in '/home/rmer/ros2/ros2-gamepad/build/gamepad': CMAKE_PREFIX_PATH=/opt/ros/humble /usr/local/bin/cmake --install /home/rmer/ros2/ros2-gamepad/build/gamepad
[4.591s] Level 1:colcon.colcon_core.environment:create_environment_scripts_only(gamepad)
[4.591s] DEBUG:colcon.colcon_core.event_handler.log_command:Invoked command in '/home/rmer/ros2/ros2-gamepad/build/gamepad' returned '0': CMAKE_PREFIX_PATH=/opt/ros/humble /usr/local/bin/cmake --install /home/rmer/ros2/ros2-gamepad/build/gamepad
[4.593s] Level 1:colcon.colcon_core.environment:checking '/home/rmer/ros2/ros2-gamepad/install/gamepad' for CMake module files
[4.594s] Level 1:colcon.colcon_core.environment:checking '/home/rmer/ros2/ros2-gamepad/install/gamepad' for CMake config files
[4.594s] Level 1:colcon.colcon_core.shell:create_environment_hook('gamepad', 'cmake_prefix_path')
[4.594s] INFO:colcon.colcon_core.shell:Creating environment hook '/home/rmer/ros2/ros2-gamepad/install/gamepad/share/gamepad/hook/cmake_prefix_path.ps1'
[4.595s] INFO:colcon.colcon_core.shell:Creating environment descriptor '/home/rmer/ros2/ros2-gamepad/install/gamepad/share/gamepad/hook/cmake_prefix_path.dsv'
[4.595s] INFO:colcon.colcon_core.shell:Creating environment hook '/home/rmer/ros2/ros2-gamepad/install/gamepad/share/gamepad/hook/cmake_prefix_path.sh'
[4.596s] Level 1:colcon.colcon_core.environment:checking '/home/rmer/ros2/ros2-gamepad/install/gamepad/lib'
[4.596s] Level 1:colcon.colcon_core.environment:checking '/home/rmer/ros2/ros2-gamepad/install/gamepad/bin'
[4.596s] Level 1:colcon.colcon_core.environment:checking '/home/rmer/ros2/ros2-gamepad/install/gamepad/lib/pkgconfig/gamepad.pc'
[4.596s] Level 1:colcon.colcon_core.environment:checking '/home/rmer/ros2/ros2-gamepad/install/gamepad/lib/python3.10/site-packages'
[4.596s] Level 1:colcon.colcon_core.environment:checking '/home/rmer/ros2/ros2-gamepad/install/gamepad/bin'
[4.596s] INFO:colcon.colcon_core.shell:Creating package script '/home/rmer/ros2/ros2-gamepad/install/gamepad/share/gamepad/package.ps1'
[4.597s] INFO:colcon.colcon_core.shell:Creating package descriptor '/home/rmer/ros2/ros2-gamepad/install/gamepad/share/gamepad/package.dsv'
[4.598s] INFO:colcon.colcon_core.shell:Creating package script '/home/rmer/ros2/ros2-gamepad/install/gamepad/share/gamepad/package.sh'
[4.598s] INFO:colcon.colcon_core.shell:Creating package script '/home/rmer/ros2/ros2-gamepad/install/gamepad/share/gamepad/package.bash'
[4.599s] INFO:colcon.colcon_core.shell:Creating package script '/home/rmer/ros2/ros2-gamepad/install/gamepad/share/gamepad/package.zsh'
[4.599s] Level 1:colcon.colcon_core.environment:create_file_with_runtime_dependencies(/home/rmer/ros2/ros2-gamepad/install/gamepad/share/colcon-core/packages/gamepad)
[4.600s] Level 1:colcon.colcon_core.environment:create_environment_scripts_only(gamepad)
[4.600s] Level 1:colcon.colcon_core.environment:checking '/home/rmer/ros2/ros2-gamepad/install/gamepad' for CMake module files
[4.601s] Level 1:colcon.colcon_core.environment:checking '/home/rmer/ros2/ros2-gamepad/install/gamepad' for CMake config files
[4.601s] Level 1:colcon.colcon_core.shell:create_environment_hook('gamepad', 'cmake_prefix_path')
[4.601s] INFO:colcon.colcon_core.shell:Creating environment hook '/home/rmer/ros2/ros2-gamepad/install/gamepad/share/gamepad/hook/cmake_prefix_path.ps1'
[4.602s] INFO:colcon.colcon_core.shell:Creating environment descriptor '/home/rmer/ros2/ros2-gamepad/install/gamepad/share/gamepad/hook/cmake_prefix_path.dsv'
[4.602s] INFO:colcon.colcon_core.shell:Creating environment hook '/home/rmer/ros2/ros2-gamepad/install/gamepad/share/gamepad/hook/cmake_prefix_path.sh'
[4.603s] Level 1:colcon.colcon_core.environment:checking '/home/rmer/ros2/ros2-gamepad/install/gamepad/lib'
[4.603s] Level 1:colcon.colcon_core.environment:checking '/home/rmer/ros2/ros2-gamepad/install/gamepad/bin'
[4.603s] Level 1:colcon.colcon_core.environment:checking '/home/rmer/ros2/ros2-gamepad/install/gamepad/lib/pkgconfig/gamepad.pc'
[4.603s] Level 1:colcon.colcon_core.environment:checking '/home/rmer/ros2/ros2-gamepad/install/gamepad/lib/python3.10/site-packages'
[4.603s] Level 1:colcon.colcon_core.environment:checking '/home/rmer/ros2/ros2-gamepad/install/gamepad/bin'
[4.604s] INFO:colcon.colcon_core.shell:Creating package script '/home/rmer/ros2/ros2-gamepad/install/gamepad/share/gamepad/package.ps1'
[4.604s] INFO:colcon.colcon_core.shell:Creating package descriptor '/home/rmer/ros2/ros2-gamepad/install/gamepad/share/gamepad/package.dsv'
[4.604s] INFO:colcon.colcon_core.shell:Creating package script '/home/rmer/ros2/ros2-gamepad/install/gamepad/share/gamepad/package.sh'
[4.605s] INFO:colcon.colcon_core.shell:Creating package script '/home/rmer/ros2/ros2-gamepad/install/gamepad/share/gamepad/package.bash'
[4.605s] INFO:colcon.colcon_core.shell:Creating package script '/home/rmer/ros2/ros2-gamepad/install/gamepad/share/gamepad/package.zsh'
[4.605s] Level 1:colcon.colcon_core.environment:create_file_with_runtime_dependencies(/home/rmer/ros2/ros2-gamepad/install/gamepad/share/colcon-core/packages/gamepad)
[4.606s] DEBUG:colcon.colcon_parallel_executor.executor.parallel:closing loop
[4.606s] DEBUG:colcon.colcon_parallel_executor.executor.parallel:loop closed
[4.606s] DEBUG:colcon.colcon_parallel_executor.executor.parallel:run_until_complete finished with '0'
[4.606s] DEBUG:colcon.colcon_core.event_reactor:joining thread
[4.611s] INFO:colcon.colcon_core.plugin_system:Skipping extension 'colcon_notification.desktop_notification.terminal_notifier': Not used on non-Darwin systems
[4.611s] INFO:colcon.colcon_core.plugin_system:Skipping extension 'colcon_notification.desktop_notification.win32': Not used on non-Windows systems
[4.611s] INFO:colcon.colcon_notification.desktop_notification:Sending desktop notification using 'notify2'
[4.627s] DEBUG:colcon.colcon_core.event_reactor:joined thread
[4.627s] INFO:colcon.colcon_core.shell:Creating prefix script '/home/rmer/ros2/ros2-gamepad/install/local_setup.ps1'
[4.628s] INFO:colcon.colcon_core.shell:Creating prefix util module '/home/rmer/ros2/ros2-gamepad/install/_local_setup_util_ps1.py'
[4.629s] INFO:colcon.colcon_core.shell:Creating prefix chain script '/home/rmer/ros2/ros2-gamepad/install/setup.ps1'
[4.630s] INFO:colcon.colcon_core.shell:Creating prefix script '/home/rmer/ros2/ros2-gamepad/install/local_setup.sh'
[4.631s] INFO:colcon.colcon_core.shell:Creating prefix util module '/home/rmer/ros2/ros2-gamepad/install/_local_setup_util_sh.py'
[4.631s] INFO:colcon.colcon_core.shell:Creating prefix chain script '/home/rmer/ros2/ros2-gamepad/install/setup.sh'
[4.632s] INFO:colcon.colcon_core.shell:Creating prefix script '/home/rmer/ros2/ros2-gamepad/install/local_setup.bash'
[4.633s] INFO:colcon.colcon_core.shell:Creating prefix chain script '/home/rmer/ros2/ros2-gamepad/install/setup.bash'
[4.634s] INFO:colcon.colcon_core.shell:Creating prefix script '/home/rmer/ros2/ros2-gamepad/install/local_setup.zsh'
[4.635s] INFO:colcon.colcon_core.shell:Creating prefix chain script '/home/rmer/ros2/ros2-gamepad/install/setup.zsh'
