[0.085s] DEBUG:colcon:Command line arguments: ['/usr/bin/colcon', 'build']
[0.085s] DEBUG:colcon:Parsed command line arguments: Namespace(log_base=None, log_level=None, verb_name='build', build_base='build', install_base='install', merge_install=False, symlink_install=False, test_result_base=None, continue_on_error=False, executor='parallel', parallel_workers=16, event_handlers=None, ignore_user_meta=False, metas=['./colcon.meta'], base_paths=['.'], packages_ignore=None, packages_ignore_regex=None, paths=None, packages_up_to=None, packages_up_to_regex=None, packages_above=None, packages_above_and_dependencies=None, packages_above_depth=None, packages_select_by_dep=None, packages_skip_by_dep=None, packages_skip_up_to=None, packages_select_build_failed=False, packages_skip_build_finished=False, packages_select_test_failures=False, packages_skip_test_passed=False, packages_select=None, packages_skip=None, packages_select_regex=None, packages_skip_regex=None, packages_start=None, packages_end=None, allow_overriding=[], cmake_args=None, cmake_target=None, cmake_target_skip_unavailable=False, cmake_clean_cache=False, cmake_clean_first=False, cmake_force_configure=False, ament_cmake_args=None, catkin_cmake_args=None, catkin_skip_building_tests=False, verb_parser=<colcon_defaults.argument_parser.defaults.DefaultArgumentsDecorator object at 0x7feb9f5ca740>, verb_extension=<colcon_core.verb.build.BuildVerb object at 0x7feb9f5ca230>, main=<bound method BuildVerb.main of <colcon_core.verb.build.BuildVerb object at 0x7feb9f5ca230>>)
[0.215s] Level 1:colcon.colcon_core.package_discovery:discover_packages(colcon_meta) check parameters
[0.215s] Level 1:colcon.colcon_core.package_discovery:discover_packages(recursive) check parameters
[0.215s] Level 1:colcon.colcon_core.package_discovery:discover_packages(ignore) check parameters
[0.215s] Level 1:colcon.colcon_core.package_discovery:discover_packages(path) check parameters
[0.215s] Level 1:colcon.colcon_core.package_discovery:discover_packages(colcon_meta) discover
[0.215s] Level 1:colcon.colcon_core.package_discovery:discover_packages(recursive) discover
[0.216s] INFO:colcon.colcon_core.package_discovery:Crawling recursively for packages in '/home/rmer/ros2/sentry'
[0.216s] Level 1:colcon.colcon_core.package_identification:_identify(.) by extensions ['ignore', 'ignore_ament_install']
[0.216s] Level 1:colcon.colcon_core.package_identification:_identify(.) by extension 'ignore'
[0.216s] Level 1:colcon.colcon_core.package_identification:_identify(.) by extension 'ignore_ament_install'
[0.216s] Level 1:colcon.colcon_core.package_identification:_identify(.) by extensions ['colcon_pkg']
[0.216s] Level 1:colcon.colcon_core.package_identification:_identify(.) by extension 'colcon_pkg'
[0.216s] Level 1:colcon.colcon_core.package_identification:_identify(.) by extensions ['colcon_meta']
[0.216s] Level 1:colcon.colcon_core.package_identification:_identify(.) by extension 'colcon_meta'
[0.216s] Level 1:colcon.colcon_core.package_identification:_identify(.) by extensions ['ros']
[0.216s] Level 1:colcon.colcon_core.package_identification:_identify(.) by extension 'ros'
[0.225s] Level 1:colcon.colcon_core.package_identification:_identify(.) by extensions ['cmake', 'python']
[0.225s] Level 1:colcon.colcon_core.package_identification:_identify(.) by extension 'cmake'
[0.226s] Level 1:colcon.colcon_core.package_identification:_identify(.) by extension 'python'
[0.226s] Level 1:colcon.colcon_core.package_identification:_identify(.) by extensions ['python_setup_py']
[0.226s] Level 1:colcon.colcon_core.package_identification:_identify(.) by extension 'python_setup_py'
[0.226s] Level 1:colcon.colcon_core.package_identification:_identify(build) by extensions ['ignore', 'ignore_ament_install']
[0.226s] Level 1:colcon.colcon_core.package_identification:_identify(build) by extension 'ignore'
[0.226s] Level 1:colcon.colcon_core.package_identification:_identify(build) ignored
[0.226s] Level 1:colcon.colcon_core.package_identification:_identify(cmd_vel_sender) by extensions ['ignore', 'ignore_ament_install']
[0.226s] Level 1:colcon.colcon_core.package_identification:_identify(cmd_vel_sender) by extension 'ignore'
[0.226s] Level 1:colcon.colcon_core.package_identification:_identify(cmd_vel_sender) by extension 'ignore_ament_install'
[0.226s] Level 1:colcon.colcon_core.package_identification:_identify(cmd_vel_sender) by extensions ['colcon_pkg']
[0.226s] Level 1:colcon.colcon_core.package_identification:_identify(cmd_vel_sender) by extension 'colcon_pkg'
[0.226s] Level 1:colcon.colcon_core.package_identification:_identify(cmd_vel_sender) by extensions ['colcon_meta']
[0.227s] Level 1:colcon.colcon_core.package_identification:_identify(cmd_vel_sender) by extension 'colcon_meta'
[0.227s] Level 1:colcon.colcon_core.package_identification:_identify(cmd_vel_sender) by extensions ['ros']
[0.227s] Level 1:colcon.colcon_core.package_identification:_identify(cmd_vel_sender) by extension 'ros'
[0.229s] DEBUG:colcon.colcon_core.package_identification:Package 'cmd_vel_sender' with type 'ros.ament_cmake' and name 'cmd_vel_sender'
[0.229s] Level 1:colcon.colcon_core.package_identification:_identify(install) by extensions ['ignore', 'ignore_ament_install']
[0.229s] Level 1:colcon.colcon_core.package_identification:_identify(install) by extension 'ignore'
[0.229s] Level 1:colcon.colcon_core.package_identification:_identify(install) ignored
[0.229s] Level 1:colcon.colcon_core.package_identification:_identify(log) by extensions ['ignore', 'ignore_ament_install']
[0.230s] Level 1:colcon.colcon_core.package_identification:_identify(log) by extension 'ignore'
[0.230s] Level 1:colcon.colcon_core.package_identification:_identify(log) ignored
[0.230s] Level 1:colcon.colcon_core.package_discovery:discover_packages(recursive) using defaults
[0.230s] Level 1:colcon.colcon_core.package_discovery:discover_packages(ignore) discover
[0.230s] Level 1:colcon.colcon_core.package_discovery:discover_packages(ignore) using defaults
[0.230s] Level 1:colcon.colcon_core.package_discovery:discover_packages(path) discover
[0.230s] Level 1:colcon.colcon_core.package_discovery:discover_packages(path) using defaults
[0.246s] Level 1:colcon.colcon_core.package_discovery:discover_packages(prefix_path) check parameters
[0.246s] Level 1:colcon.colcon_core.package_discovery:discover_packages(prefix_path) discover
[0.248s] DEBUG:colcon.colcon_installed_package_information.package_discovery:Found 277 installed packages in /opt/ros/humble
[0.264s] Level 1:colcon.colcon_core.package_discovery:discover_packages(prefix_path) using defaults
[0.294s] Level 5:colcon.colcon_core.verb:set package 'cmd_vel_sender' build argument 'cmake_args' from command line to 'None'
[0.294s] Level 5:colcon.colcon_core.verb:set package 'cmd_vel_sender' build argument 'cmake_target' from command line to 'None'
[0.294s] Level 5:colcon.colcon_core.verb:set package 'cmd_vel_sender' build argument 'cmake_target_skip_unavailable' from command line to 'False'
[0.294s] Level 5:colcon.colcon_core.verb:set package 'cmd_vel_sender' build argument 'cmake_clean_cache' from command line to 'False'
[0.294s] Level 5:colcon.colcon_core.verb:set package 'cmd_vel_sender' build argument 'cmake_clean_first' from command line to 'False'
[0.294s] Level 5:colcon.colcon_core.verb:set package 'cmd_vel_sender' build argument 'cmake_force_configure' from command line to 'False'
[0.294s] Level 5:colcon.colcon_core.verb:set package 'cmd_vel_sender' build argument 'ament_cmake_args' from command line to 'None'
[0.294s] Level 5:colcon.colcon_core.verb:set package 'cmd_vel_sender' build argument 'catkin_cmake_args' from command line to 'None'
[0.294s] Level 5:colcon.colcon_core.verb:set package 'cmd_vel_sender' build argument 'catkin_skip_building_tests' from command line to 'False'
[0.294s] DEBUG:colcon.colcon_core.verb:Building package 'cmd_vel_sender' with the following arguments: {'ament_cmake_args': None, 'build_base': '/home/rmer/ros2/sentry/build/cmd_vel_sender', 'catkin_cmake_args': None, 'catkin_skip_building_tests': False, 'cmake_args': None, 'cmake_clean_cache': False, 'cmake_clean_first': False, 'cmake_force_configure': False, 'cmake_target': None, 'cmake_target_skip_unavailable': False, 'install_base': '/home/rmer/ros2/sentry/install/cmd_vel_sender', 'merge_install': False, 'path': '/home/rmer/ros2/sentry/cmd_vel_sender', 'symlink_install': False, 'test_result_base': None}
[0.294s] INFO:colcon.colcon_core.executor:Executing jobs using 'parallel' executor
[0.295s] DEBUG:colcon.colcon_parallel_executor.executor.parallel:run_until_complete
[0.295s] INFO:colcon.colcon_ros.task.ament_cmake.build:Building ROS package in '/home/rmer/ros2/sentry/cmd_vel_sender' with build type 'ament_cmake'
[0.296s] INFO:colcon.colcon_cmake.task.cmake.build:Building CMake package in '/home/rmer/ros2/sentry/cmd_vel_sender'
[0.297s] INFO:colcon.colcon_core.plugin_system:Skipping extension 'colcon_core.shell.bat': Not used on non-Windows systems
[0.297s] INFO:colcon.colcon_core.shell:Skip shell extension 'powershell' for command environment: Not usable outside of PowerShell
[0.297s] DEBUG:colcon.colcon_core.shell:Skip shell extension 'dsv' for command environment
[0.309s] DEBUG:colcon.colcon_core.event_handler.log_command:Invoking command in '/home/rmer/ros2/sentry/build/cmd_vel_sender': CMAKE_PREFIX_PATH=/opt/ros/humble /usr/local/bin/cmake --build /home/rmer/ros2/sentry/build/cmd_vel_sender -- -j16 -l16
[8.732s] DEBUG:colcon.colcon_core.event_handler.log_command:Invoked command in '/home/rmer/ros2/sentry/build/cmd_vel_sender' returned '0': CMAKE_PREFIX_PATH=/opt/ros/humble /usr/local/bin/cmake --build /home/rmer/ros2/sentry/build/cmd_vel_sender -- -j16 -l16
[8.776s] DEBUG:colcon.colcon_core.event_handler.log_command:Invoking command in '/home/rmer/ros2/sentry/build/cmd_vel_sender': CMAKE_PREFIX_PATH=/opt/ros/humble /usr/local/bin/cmake --install /home/rmer/ros2/sentry/build/cmd_vel_sender
[8.787s] Level 1:colcon.colcon_core.environment:create_environment_scripts_only(cmd_vel_sender)
[8.788s] DEBUG:colcon.colcon_core.event_handler.log_command:Invoked command in '/home/rmer/ros2/sentry/build/cmd_vel_sender' returned '0': CMAKE_PREFIX_PATH=/opt/ros/humble /usr/local/bin/cmake --install /home/rmer/ros2/sentry/build/cmd_vel_sender
[8.790s] Level 1:colcon.colcon_core.environment:checking '/home/rmer/ros2/sentry/install/cmd_vel_sender' for CMake module files
[8.790s] Level 1:colcon.colcon_core.environment:checking '/home/rmer/ros2/sentry/install/cmd_vel_sender' for CMake config files
[8.790s] Level 1:colcon.colcon_core.shell:create_environment_hook('cmd_vel_sender', 'cmake_prefix_path')
[8.790s] INFO:colcon.colcon_core.shell:Creating environment hook '/home/rmer/ros2/sentry/install/cmd_vel_sender/share/cmd_vel_sender/hook/cmake_prefix_path.ps1'
[8.791s] INFO:colcon.colcon_core.shell:Creating environment descriptor '/home/rmer/ros2/sentry/install/cmd_vel_sender/share/cmd_vel_sender/hook/cmake_prefix_path.dsv'
[8.791s] INFO:colcon.colcon_core.shell:Creating environment hook '/home/rmer/ros2/sentry/install/cmd_vel_sender/share/cmd_vel_sender/hook/cmake_prefix_path.sh'
[8.792s] Level 1:colcon.colcon_core.environment:checking '/home/rmer/ros2/sentry/install/cmd_vel_sender/lib'
[8.792s] Level 1:colcon.colcon_core.environment:checking '/home/rmer/ros2/sentry/install/cmd_vel_sender/bin'
[8.792s] Level 1:colcon.colcon_core.environment:checking '/home/rmer/ros2/sentry/install/cmd_vel_sender/lib/pkgconfig/cmd_vel_sender.pc'
[8.792s] Level 1:colcon.colcon_core.environment:checking '/home/rmer/ros2/sentry/install/cmd_vel_sender/lib/python3.10/site-packages'
[8.793s] Level 1:colcon.colcon_core.environment:checking '/home/rmer/ros2/sentry/install/cmd_vel_sender/bin'
[8.793s] INFO:colcon.colcon_core.shell:Creating package script '/home/rmer/ros2/sentry/install/cmd_vel_sender/share/cmd_vel_sender/package.ps1'
[8.793s] INFO:colcon.colcon_core.shell:Creating package descriptor '/home/rmer/ros2/sentry/install/cmd_vel_sender/share/cmd_vel_sender/package.dsv'
[8.794s] INFO:colcon.colcon_core.shell:Creating package script '/home/rmer/ros2/sentry/install/cmd_vel_sender/share/cmd_vel_sender/package.sh'
[8.794s] INFO:colcon.colcon_core.shell:Creating package script '/home/rmer/ros2/sentry/install/cmd_vel_sender/share/cmd_vel_sender/package.bash'
[8.795s] INFO:colcon.colcon_core.shell:Creating package script '/home/rmer/ros2/sentry/install/cmd_vel_sender/share/cmd_vel_sender/package.zsh'
[8.795s] Level 1:colcon.colcon_core.environment:create_file_with_runtime_dependencies(/home/rmer/ros2/sentry/install/cmd_vel_sender/share/colcon-core/packages/cmd_vel_sender)
[8.829s] Level 1:colcon.colcon_core.environment:create_environment_scripts_only(cmd_vel_sender)
[8.829s] Level 1:colcon.colcon_core.environment:checking '/home/rmer/ros2/sentry/install/cmd_vel_sender' for CMake module files
[8.830s] Level 1:colcon.colcon_core.environment:checking '/home/rmer/ros2/sentry/install/cmd_vel_sender' for CMake config files
[8.830s] Level 1:colcon.colcon_core.shell:create_environment_hook('cmd_vel_sender', 'cmake_prefix_path')
[8.830s] INFO:colcon.colcon_core.shell:Creating environment hook '/home/rmer/ros2/sentry/install/cmd_vel_sender/share/cmd_vel_sender/hook/cmake_prefix_path.ps1'
[8.830s] INFO:colcon.colcon_core.shell:Creating environment descriptor '/home/rmer/ros2/sentry/install/cmd_vel_sender/share/cmd_vel_sender/hook/cmake_prefix_path.dsv'
[8.831s] INFO:colcon.colcon_core.shell:Creating environment hook '/home/rmer/ros2/sentry/install/cmd_vel_sender/share/cmd_vel_sender/hook/cmake_prefix_path.sh'
[8.831s] Level 1:colcon.colcon_core.environment:checking '/home/rmer/ros2/sentry/install/cmd_vel_sender/lib'
[8.831s] Level 1:colcon.colcon_core.environment:checking '/home/rmer/ros2/sentry/install/cmd_vel_sender/bin'
[8.831s] Level 1:colcon.colcon_core.environment:checking '/home/rmer/ros2/sentry/install/cmd_vel_sender/lib/pkgconfig/cmd_vel_sender.pc'
[8.831s] Level 1:colcon.colcon_core.environment:checking '/home/rmer/ros2/sentry/install/cmd_vel_sender/lib/python3.10/site-packages'
[8.832s] Level 1:colcon.colcon_core.environment:checking '/home/rmer/ros2/sentry/install/cmd_vel_sender/bin'
[8.832s] INFO:colcon.colcon_core.shell:Creating package script '/home/rmer/ros2/sentry/install/cmd_vel_sender/share/cmd_vel_sender/package.ps1'
[8.832s] INFO:colcon.colcon_core.shell:Creating package descriptor '/home/rmer/ros2/sentry/install/cmd_vel_sender/share/cmd_vel_sender/package.dsv'
[8.833s] INFO:colcon.colcon_core.shell:Creating package script '/home/rmer/ros2/sentry/install/cmd_vel_sender/share/cmd_vel_sender/package.sh'
[8.833s] INFO:colcon.colcon_core.shell:Creating package script '/home/rmer/ros2/sentry/install/cmd_vel_sender/share/cmd_vel_sender/package.bash'
[8.834s] INFO:colcon.colcon_core.shell:Creating package script '/home/rmer/ros2/sentry/install/cmd_vel_sender/share/cmd_vel_sender/package.zsh'
[8.834s] Level 1:colcon.colcon_core.environment:create_file_with_runtime_dependencies(/home/rmer/ros2/sentry/install/cmd_vel_sender/share/colcon-core/packages/cmd_vel_sender)
[8.834s] DEBUG:colcon.colcon_parallel_executor.executor.parallel:closing loop
[8.835s] DEBUG:colcon.colcon_parallel_executor.executor.parallel:loop closed
[8.835s] DEBUG:colcon.colcon_parallel_executor.executor.parallel:run_until_complete finished with '0'
[8.835s] DEBUG:colcon.colcon_core.event_reactor:joining thread
[8.840s] INFO:colcon.colcon_core.plugin_system:Skipping extension 'colcon_notification.desktop_notification.terminal_notifier': Not used on non-Darwin systems
[8.841s] INFO:colcon.colcon_core.plugin_system:Skipping extension 'colcon_notification.desktop_notification.win32': Not used on non-Windows systems
[8.841s] INFO:colcon.colcon_notification.desktop_notification:Sending desktop notification using 'notify2'
[8.854s] DEBUG:colcon.colcon_core.event_reactor:joined thread
[8.855s] INFO:colcon.colcon_core.shell:Creating prefix script '/home/rmer/ros2/sentry/install/local_setup.ps1'
[8.856s] INFO:colcon.colcon_core.shell:Creating prefix util module '/home/rmer/ros2/sentry/install/_local_setup_util_ps1.py'
[8.858s] INFO:colcon.colcon_core.shell:Creating prefix chain script '/home/rmer/ros2/sentry/install/setup.ps1'
[8.859s] INFO:colcon.colcon_core.shell:Creating prefix script '/home/rmer/ros2/sentry/install/local_setup.sh'
[8.860s] INFO:colcon.colcon_core.shell:Creating prefix util module '/home/rmer/ros2/sentry/install/_local_setup_util_sh.py'
[8.861s] INFO:colcon.colcon_core.shell:Creating prefix chain script '/home/rmer/ros2/sentry/install/setup.sh'
[8.862s] INFO:colcon.colcon_core.shell:Creating prefix script '/home/rmer/ros2/sentry/install/local_setup.bash'
[8.863s] INFO:colcon.colcon_core.shell:Creating prefix chain script '/home/rmer/ros2/sentry/install/setup.bash'
[8.863s] INFO:colcon.colcon_core.shell:Creating prefix script '/home/rmer/ros2/sentry/install/local_setup.zsh'
[8.864s] INFO:colcon.colcon_core.shell:Creating prefix chain script '/home/rmer/ros2/sentry/install/setup.zsh'
