-- The C compiler identification is GNU 12.3.0
-- The CXX compiler identification is GNU 12.3.0
-- Detecting C compiler ABI info
-- Detecting C compiler ABI info - done
-- Check for working C compiler: /usr/bin/cc - skipped
-- Detecting C compile features
-- Detecting C compile features - done
-- Detecting CXX compiler ABI info
-- Detecting CXX compiler ABI info - done
-- Check for working CXX compiler: /usr/bin/c++ - skipped
-- Detecting CXX compile features
-- Detecting CXX compile features - done
-- Found ament_cmake: 1.3.11 (/opt/ros/humble/share/ament_cmake/cmake)
-- Found Python3: /usr/bin/python3 (found version "3.10.12") found components: Interpreter
-- Found rclcpp: 16.0.11 (/opt/ros/humble/share/rclcpp/cmake)
-- Found rosidl_generator_c: 3.1.6 (/opt/ros/humble/share/rosidl_generator_c/cmake)
-- Found rosidl_adapter: 3.1.6 (/opt/ros/humble/share/rosidl_adapter/cmake)
-- Found rosidl_generator_cpp: 3.1.6 (/opt/ros/humble/share/rosidl_generator_cpp/cmake)
-- Using all available rosidl_typesupport_c: rosidl_typesupport_fastrtps_c;rosidl_typesupport_introspection_c
-- Using all available rosidl_typesupport_cpp: rosidl_typesupport_fastrtps_cpp;rosidl_typesupport_introspection_cpp
-- Found rmw_implementation_cmake: 6.1.2 (/opt/ros/humble/share/rmw_implementation_cmake/cmake)
-- Found rmw_fastrtps_cpp: 6.2.7 (/opt/ros/humble/share/rmw_fastrtps_cpp/cmake)
-- Found OpenSSL: /usr/lib/x86_64-linux-gnu/libcrypto.so (found version "3.0.2")
-- Found FastRTPS: /opt/ros/humble/include
-- Using RMW implementation 'rmw_fastrtps_cpp' as default
-- Performing Test CMAKE_HAVE_LIBC_PTHREAD
-- Performing Test CMAKE_HAVE_LIBC_PTHREAD - Success
-- Found Threads: TRUE
-- Found geometry_msgs: 4.2.4 (/opt/ros/humble/share/geometry_msgs/cmake)
-- Found ament_lint_auto: 0.12.11 (/opt/ros/humble/share/ament_lint_auto/cmake)
-- Added test 'cppcheck' to perform static code analysis on C / C++ code
-- Configured cppcheck include dirs: /home/rmer/ros2/ros2-gamepad/include
-- Configured cppcheck exclude dirs and/or files: 
-- Added test 'flake8' to check Python code syntax and style conventions
-- Added test 'lint_cmake' to check CMake code style
-- Added test 'pep257' to check Python code against some of the docstring style conventions in PEP 257
-- Added test 'uncrustify' to check C / C++ code style
-- Configured uncrustify additional arguments: 
-- Added test 'xmllint' to check XML markup files
-- Configuring done (1.2s)
-- Generating done (0.0s)
-- Build files have been written to: /home/rmer/ros2/ros2-gamepad/build/gamepad
[ 16%] [32mBuilding CXX object CMakeFiles/gamepad_cmd_vel.dir/src/gamepad_cmd_vel.cpp.o[0m
[ 33%] [32mBuilding CXX object CMakeFiles/gamepad_cmd_vel.dir/src/gamepad.cpp.o[0m
[ 66%] [32mBuilding CXX object CMakeFiles/gamepad_test_node.dir/src/gamepad.cpp.o[0m
[ 66%] [32mBuilding CXX object CMakeFiles/gamepad_test_node.dir/src/gamepad_test_node.cpp.o[0m
[ 83%] [32m[1mLinking CXX executable gamepad_test_node[0m
[ 83%] Built target gamepad_test_node
[100%] [32m[1mLinking CXX executable gamepad_cmd_vel[0m
[100%] Built target gamepad_cmd_vel
-- Install configuration: ""
-- Installing: /home/rmer/ros2/ros2-gamepad/install/gamepad/lib/gamepad/gamepad_test_node
-- Set non-toolchain portion of runtime path of "/home/rmer/ros2/ros2-gamepad/install/gamepad/lib/gamepad/gamepad_test_node" to ""
-- Installing: /home/rmer/ros2/ros2-gamepad/install/gamepad/lib/gamepad/gamepad_cmd_vel
-- Set non-toolchain portion of runtime path of "/home/rmer/ros2/ros2-gamepad/install/gamepad/lib/gamepad/gamepad_cmd_vel" to ""
-- Installing: /home/rmer/ros2/ros2-gamepad/install/gamepad/share/ament_index/resource_index/package_run_dependencies/gamepad
-- Installing: /home/rmer/ros2/ros2-gamepad/install/gamepad/share/ament_index/resource_index/parent_prefix_path/gamepad
-- Installing: /home/rmer/ros2/ros2-gamepad/install/gamepad/share/gamepad/environment/ament_prefix_path.sh
-- Installing: /home/rmer/ros2/ros2-gamepad/install/gamepad/share/gamepad/environment/ament_prefix_path.dsv
-- Installing: /home/rmer/ros2/ros2-gamepad/install/gamepad/share/gamepad/environment/path.sh
-- Installing: /home/rmer/ros2/ros2-gamepad/install/gamepad/share/gamepad/environment/path.dsv
-- Installing: /home/rmer/ros2/ros2-gamepad/install/gamepad/share/gamepad/local_setup.bash
-- Installing: /home/rmer/ros2/ros2-gamepad/install/gamepad/share/gamepad/local_setup.sh
-- Installing: /home/rmer/ros2/ros2-gamepad/install/gamepad/share/gamepad/local_setup.zsh
-- Installing: /home/rmer/ros2/ros2-gamepad/install/gamepad/share/gamepad/local_setup.dsv
-- Installing: /home/rmer/ros2/ros2-gamepad/install/gamepad/share/gamepad/package.dsv
-- Installing: /home/rmer/ros2/ros2-gamepad/install/gamepad/share/ament_index/resource_index/packages/gamepad
-- Installing: /home/rmer/ros2/ros2-gamepad/install/gamepad/share/gamepad/cmake/gamepadConfig.cmake
-- Installing: /home/rmer/ros2/ros2-gamepad/install/gamepad/share/gamepad/cmake/gamepadConfig-version.cmake
-- Installing: /home/rmer/ros2/ros2-gamepad/install/gamepad/share/gamepad/package.xml
