[0.011s] Invoking command in '/home/rmer/ros2/ros2-gamepad/build/gamepad': CMAKE_PREFIX_PATH=/opt/ros/humble /usr/local/bin/cmake /home/rmer/ros2/ros2-gamepad -DCMAKE_INSTALL_PREFIX=/home/rmer/ros2/ros2-gamepad/install/gamepad
[0.018s] [0mCMake Deprecation Warning at CMakeLists.txt:1 (cmake_minimum_required):
[0.018s]   Compatibility with CMake < 3.10 will be removed from a future version of
[0.018s]   CMake.
[0.019s] 
[0.019s]   Update the VERSION argument <min> value or use a ...<max> suffix to tell
[0.019s]   CMake that the project does not need compatibility with older versions.
[0.019s] 
[0.019s] [0m
[0.093s] -- The C compiler identification is GNU 12.3.0
[0.155s] -- The CXX compiler identification is GNU 12.3.0
[0.165s] -- Detecting C compiler ABI info
[0.246s] -- Detecting C compiler ABI info - done
[0.262s] -- Check for working C compiler: /usr/bin/cc - skipped
[0.265s] -- Detecting C compile features
[0.265s] -- Detecting C compile features - done
[0.280s] -- Detecting CXX compiler ABI info
[0.367s] -- Detecting CXX compiler ABI info - done
[0.383s] -- Check for working CXX compiler: /usr/bin/c++ - skipped
[0.383s] -- Detecting CXX compile features
[0.384s] -- Detecting CXX compile features - done
[0.400s] -- Found ament_cmake: 1.3.11 (/opt/ros/humble/share/ament_cmake/cmake)
[0.516s] -- Found Python3: /usr/bin/python3 (found version "3.10.12") found components: Interpreter
[0.610s] -- Found rclcpp: 16.0.11 (/opt/ros/humble/share/rclcpp/cmake)
[0.656s] -- Found rosidl_generator_c: 3.1.6 (/opt/ros/humble/share/rosidl_generator_c/cmake)
[0.662s] -- Found rosidl_adapter: 3.1.6 (/opt/ros/humble/share/rosidl_adapter/cmake)
[0.672s] -- Found rosidl_generator_cpp: 3.1.6 (/opt/ros/humble/share/rosidl_generator_cpp/cmake)
[0.686s] -- Using all available rosidl_typesupport_c: rosidl_typesupport_fastrtps_c;rosidl_typesupport_introspection_c
[0.703s] -- Using all available rosidl_typesupport_cpp: rosidl_typesupport_fastrtps_cpp;rosidl_typesupport_introspection_cpp
[0.755s] -- Found rmw_implementation_cmake: 6.1.2 (/opt/ros/humble/share/rmw_implementation_cmake/cmake)
[0.758s] -- Found rmw_fastrtps_cpp: 6.2.7 (/opt/ros/humble/share/rmw_fastrtps_cpp/cmake)
[0.872s] -- Found OpenSSL: /usr/lib/x86_64-linux-gnu/libcrypto.so (found version "3.0.2")
[0.902s] -- Found FastRTPS: /opt/ros/humble/include
[0.947s] -- Using RMW implementation 'rmw_fastrtps_cpp' as default
[0.957s] -- Performing Test CMAKE_HAVE_LIBC_PTHREAD
[1.040s] -- Performing Test CMAKE_HAVE_LIBC_PTHREAD - Success
[1.041s] -- Found Threads: TRUE
[1.110s] -- Found geometry_msgs: 4.2.4 (/opt/ros/humble/share/geometry_msgs/cmake)
[1.129s] -- Found ament_lint_auto: 0.12.11 (/opt/ros/humble/share/ament_lint_auto/cmake)
[1.212s] -- Added test 'cppcheck' to perform static code analysis on C / C++ code
[1.212s] -- Configured cppcheck include dirs: /home/rmer/ros2/ros2-gamepad/include
[1.212s] -- Configured cppcheck exclude dirs and/or files: 
[1.214s] -- Added test 'flake8' to check Python code syntax and style conventions
[1.216s] -- Added test 'lint_cmake' to check CMake code style
[1.218s] -- Added test 'pep257' to check Python code against some of the docstring style conventions in PEP 257
[1.227s] -- Added test 'uncrustify' to check C / C++ code style
[1.227s] -- Configured uncrustify additional arguments: 
[1.229s] -- Added test 'xmllint' to check XML markup files
[1.230s] -- Configuring done (1.2s)
[1.245s] -- Generating done (0.0s)
[1.247s] -- Build files have been written to: /home/rmer/ros2/ros2-gamepad/build/gamepad
[1.258s] Invoked command in '/home/rmer/ros2/ros2-gamepad/build/gamepad' returned '0': CMAKE_PREFIX_PATH=/opt/ros/humble /usr/local/bin/cmake /home/rmer/ros2/ros2-gamepad -DCMAKE_INSTALL_PREFIX=/home/rmer/ros2/ros2-gamepad/install/gamepad
[1.260s] Invoking command in '/home/rmer/ros2/ros2-gamepad/build/gamepad': CMAKE_PREFIX_PATH=/opt/ros/humble /usr/local/bin/cmake --build /home/rmer/ros2/ros2-gamepad/build/gamepad -- -j16 -l16
[1.292s] [ 16%] [32mBuilding CXX object CMakeFiles/gamepad_cmd_vel.dir/src/gamepad_cmd_vel.cpp.o[0m
[1.292s] [ 33%] [32mBuilding CXX object CMakeFiles/gamepad_cmd_vel.dir/src/gamepad.cpp.o[0m
[1.292s] [ 66%] [32mBuilding CXX object CMakeFiles/gamepad_test_node.dir/src/gamepad.cpp.o[0m
[1.293s] [ 66%] [32mBuilding CXX object CMakeFiles/gamepad_test_node.dir/src/gamepad_test_node.cpp.o[0m
[3.949s] [ 83%] [32m[1mLinking CXX executable gamepad_test_node[0m
[4.081s] [ 83%] Built target gamepad_test_node
[5.237s] [100%] [32m[1mLinking CXX executable gamepad_cmd_vel[0m
[5.434s] [100%] Built target gamepad_cmd_vel
[5.443s] Invoked command in '/home/rmer/ros2/ros2-gamepad/build/gamepad' returned '0': CMAKE_PREFIX_PATH=/opt/ros/humble /usr/local/bin/cmake --build /home/rmer/ros2/ros2-gamepad/build/gamepad -- -j16 -l16
[5.451s] Invoking command in '/home/rmer/ros2/ros2-gamepad/build/gamepad': CMAKE_PREFIX_PATH=/opt/ros/humble /usr/local/bin/cmake --install /home/rmer/ros2/ros2-gamepad/build/gamepad
[5.454s] -- Install configuration: ""
[5.454s] -- Installing: /home/rmer/ros2/ros2-gamepad/install/gamepad/lib/gamepad/gamepad_test_node
[5.455s] -- Set non-toolchain portion of runtime path of "/home/rmer/ros2/ros2-gamepad/install/gamepad/lib/gamepad/gamepad_test_node" to ""
[5.455s] -- Installing: /home/rmer/ros2/ros2-gamepad/install/gamepad/lib/gamepad/gamepad_cmd_vel
[5.456s] -- Set non-toolchain portion of runtime path of "/home/rmer/ros2/ros2-gamepad/install/gamepad/lib/gamepad/gamepad_cmd_vel" to ""
[5.457s] -- Installing: /home/rmer/ros2/ros2-gamepad/install/gamepad/share/ament_index/resource_index/package_run_dependencies/gamepad
[5.457s] -- Installing: /home/rmer/ros2/ros2-gamepad/install/gamepad/share/ament_index/resource_index/parent_prefix_path/gamepad
[5.457s] -- Installing: /home/rmer/ros2/ros2-gamepad/install/gamepad/share/gamepad/environment/ament_prefix_path.sh
[5.457s] -- Installing: /home/rmer/ros2/ros2-gamepad/install/gamepad/share/gamepad/environment/ament_prefix_path.dsv
[5.458s] -- Installing: /home/rmer/ros2/ros2-gamepad/install/gamepad/share/gamepad/environment/path.sh
[5.458s] -- Installing: /home/rmer/ros2/ros2-gamepad/install/gamepad/share/gamepad/environment/path.dsv
[5.458s] -- Installing: /home/rmer/ros2/ros2-gamepad/install/gamepad/share/gamepad/local_setup.bash
[5.458s] -- Installing: /home/rmer/ros2/ros2-gamepad/install/gamepad/share/gamepad/local_setup.sh
[5.458s] -- Installing: /home/rmer/ros2/ros2-gamepad/install/gamepad/share/gamepad/local_setup.zsh
[5.458s] -- Installing: /home/rmer/ros2/ros2-gamepad/install/gamepad/share/gamepad/local_setup.dsv
[5.458s] -- Installing: /home/rmer/ros2/ros2-gamepad/install/gamepad/share/gamepad/package.dsv
[5.458s] -- Installing: /home/rmer/ros2/ros2-gamepad/install/gamepad/share/ament_index/resource_index/packages/gamepad
[5.459s] -- Installing: /home/rmer/ros2/ros2-gamepad/install/gamepad/share/gamepad/cmake/gamepadConfig.cmake
[5.459s] -- Installing: /home/rmer/ros2/ros2-gamepad/install/gamepad/share/gamepad/cmake/gamepadConfig-version.cmake
[5.459s] -- Installing: /home/rmer/ros2/ros2-gamepad/install/gamepad/share/gamepad/package.xml
[5.461s] Invoked command in '/home/rmer/ros2/ros2-gamepad/build/gamepad' returned '0': CMAKE_PREFIX_PATH=/opt/ros/humble /usr/local/bin/cmake --install /home/rmer/ros2/ros2-gamepad/build/gamepad
