[0.011s] Invoking command in '/home/rmer/ros2/ros2-gamepad/build/gamepad': CMAKE_PREFIX_PATH=/opt/ros/humble /usr/local/bin/cmake --build /home/rmer/ros2/ros2-gamepad/build/gamepad -- -j16 -l16
[0.050s] [ 50%] Built target gamepad_test_node
[0.061s] [ 66%] [32mBuilding CXX object CMakeFiles/gamepad_cmd_vel.dir/src/gamepad_cmd_vel.cpp.o[0m
[4.148s] [ 83%] [32m[1mLinking CXX executable gamepad_cmd_vel[0m
[4.357s] [100%] Built target gamepad_cmd_vel
[4.366s] Invoked command in '/home/rmer/ros2/ros2-gamepad/build/gamepad' returned '0': CMAKE_PREFIX_PATH=/opt/ros/humble /usr/local/bin/cmake --build /home/rmer/ros2/ros2-gamepad/build/gamepad -- -j16 -l16
[4.374s] Invoking command in '/home/rmer/ros2/ros2-gamepad/build/gamepad': CMAKE_PREFIX_PATH=/opt/ros/humble /usr/local/bin/cmake --install /home/rmer/ros2/ros2-gamepad/build/gamepad
[4.377s] -- Install configuration: ""
[4.377s] -- Up-to-date: /home/rmer/ros2/ros2-gamepad/install/gamepad/lib/gamepad/gamepad_test_node
[4.378s] -- Installing: /home/rmer/ros2/ros2-gamepad/install/gamepad/lib/gamepad/gamepad_cmd_vel
[4.380s] -- Set non-toolchain portion of runtime path of "/home/rmer/ros2/ros2-gamepad/install/gamepad/lib/gamepad/gamepad_cmd_vel" to ""
[4.380s] -- Up-to-date: /home/rmer/ros2/ros2-gamepad/install/gamepad/share/ament_index/resource_index/package_run_dependencies/gamepad
[4.380s] -- Up-to-date: /home/rmer/ros2/ros2-gamepad/install/gamepad/share/ament_index/resource_index/parent_prefix_path/gamepad
[4.380s] -- Up-to-date: /home/rmer/ros2/ros2-gamepad/install/gamepad/share/gamepad/environment/ament_prefix_path.sh
[4.380s] -- Up-to-date: /home/rmer/ros2/ros2-gamepad/install/gamepad/share/gamepad/environment/ament_prefix_path.dsv
[4.380s] -- Up-to-date: /home/rmer/ros2/ros2-gamepad/install/gamepad/share/gamepad/environment/path.sh
[4.380s] -- Up-to-date: /home/rmer/ros2/ros2-gamepad/install/gamepad/share/gamepad/environment/path.dsv
[4.380s] -- Up-to-date: /home/rmer/ros2/ros2-gamepad/install/gamepad/share/gamepad/local_setup.bash
[4.380s] -- Up-to-date: /home/rmer/ros2/ros2-gamepad/install/gamepad/share/gamepad/local_setup.sh
[4.380s] -- Up-to-date: /home/rmer/ros2/ros2-gamepad/install/gamepad/share/gamepad/local_setup.zsh
[4.381s] -- Up-to-date: /home/rmer/ros2/ros2-gamepad/install/gamepad/share/gamepad/local_setup.dsv
[4.381s] -- Installing: /home/rmer/ros2/ros2-gamepad/install/gamepad/share/gamepad/package.dsv
[4.381s] -- Up-to-date: /home/rmer/ros2/ros2-gamepad/install/gamepad/share/ament_index/resource_index/packages/gamepad
[4.381s] -- Up-to-date: /home/rmer/ros2/ros2-gamepad/install/gamepad/share/gamepad/cmake/gamepadConfig.cmake
[4.381s] -- Up-to-date: /home/rmer/ros2/ros2-gamepad/install/gamepad/share/gamepad/cmake/gamepadConfig-version.cmake
[4.381s] -- Up-to-date: /home/rmer/ros2/ros2-gamepad/install/gamepad/share/gamepad/package.xml
[4.383s] Invoked command in '/home/rmer/ros2/ros2-gamepad/build/gamepad' returned '0': CMAKE_PREFIX_PATH=/opt/ros/humble /usr/local/bin/cmake --install /home/rmer/ros2/ros2-gamepad/build/gamepad
