[0.018s] Invoking command in '/home/rmer/ros2/sentry/build/cmd_vel_sender': CMAKE_PREFIX_PATH=/opt/ros/humble /usr/local/bin/cmake --build /home/rmer/ros2/sentry/build/cmd_vel_sender -- -j16 -l16
[0.068s] [ 50%] Built target cmd_vel_publisher
[0.084s] [ 66%] [32mBuilding CXX object CMakeFiles/cmd_vel_subscribe.dir/src/cmd_vel_subscribe.cpp.o[0m
[9.565s] [ 83%] [32m[1mLinking CXX executable cmd_vel_subscribe[0m
[10.042s] [100%] Built target cmd_vel_subscribe
[10.050s] Invoked command in '/home/rmer/ros2/sentry/build/cmd_vel_sender' returned '0': CMAKE_PREFIX_PATH=/opt/ros/humble /usr/local/bin/cmake --build /home/rmer/ros2/sentry/build/cmd_vel_sender -- -j16 -l16
[10.087s] Invoking command in '/home/rmer/ros2/sentry/build/cmd_vel_sender': CMAKE_PREFIX_PATH=/opt/ros/humble /usr/local/bin/cmake --install /home/rmer/ros2/sentry/build/cmd_vel_sender
[10.091s] -- Install configuration: ""
[10.092s] -- Up-to-date: /home/rmer/ros2/sentry/install/cmd_vel_sender/lib/cmd_vel_sender/cmd_vel_publisher
[10.093s] -- Installing: /home/rmer/ros2/sentry/install/cmd_vel_sender/lib/cmd_vel_sender/cmd_vel_subscribe
[10.099s] -- Set non-toolchain portion of runtime path of "/home/rmer/ros2/sentry/install/cmd_vel_sender/lib/cmd_vel_sender/cmd_vel_subscribe" to ""
[10.099s] -- Up-to-date: /home/rmer/ros2/sentry/install/cmd_vel_sender/share/ament_index/resource_index/package_run_dependencies/cmd_vel_sender
[10.099s] -- Up-to-date: /home/rmer/ros2/sentry/install/cmd_vel_sender/share/ament_index/resource_index/parent_prefix_path/cmd_vel_sender
[10.099s] -- Up-to-date: /home/rmer/ros2/sentry/install/cmd_vel_sender/share/cmd_vel_sender/environment/ament_prefix_path.sh
[10.099s] -- Up-to-date: /home/rmer/ros2/sentry/install/cmd_vel_sender/share/cmd_vel_sender/environment/ament_prefix_path.dsv
[10.099s] -- Up-to-date: /home/rmer/ros2/sentry/install/cmd_vel_sender/share/cmd_vel_sender/environment/path.sh
[10.100s] -- Up-to-date: /home/rmer/ros2/sentry/install/cmd_vel_sender/share/cmd_vel_sender/environment/path.dsv
[10.100s] -- Up-to-date: /home/rmer/ros2/sentry/install/cmd_vel_sender/share/cmd_vel_sender/local_setup.bash
[10.100s] -- Up-to-date: /home/rmer/ros2/sentry/install/cmd_vel_sender/share/cmd_vel_sender/local_setup.sh
[10.100s] -- Up-to-date: /home/rmer/ros2/sentry/install/cmd_vel_sender/share/cmd_vel_sender/local_setup.zsh
[10.100s] -- Up-to-date: /home/rmer/ros2/sentry/install/cmd_vel_sender/share/cmd_vel_sender/local_setup.dsv
[10.100s] -- Installing: /home/rmer/ros2/sentry/install/cmd_vel_sender/share/cmd_vel_sender/package.dsv
[10.100s] -- Up-to-date: /home/rmer/ros2/sentry/install/cmd_vel_sender/share/ament_index/resource_index/packages/cmd_vel_sender
[10.100s] -- Up-to-date: /home/rmer/ros2/sentry/install/cmd_vel_sender/share/cmd_vel_sender/cmake/cmd_vel_senderConfig.cmake
[10.101s] -- Up-to-date: /home/rmer/ros2/sentry/install/cmd_vel_sender/share/cmd_vel_sender/cmake/cmd_vel_senderConfig-version.cmake
[10.102s] -- Up-to-date: /home/rmer/ros2/sentry/install/cmd_vel_sender/share/cmd_vel_sender/package.xml
[10.102s] Invoked command in '/home/rmer/ros2/sentry/build/cmd_vel_sender' returned '0': CMAKE_PREFIX_PATH=/opt/ros/humble /usr/local/bin/cmake --install /home/rmer/ros2/sentry/build/cmd_vel_sender
