[ 50%] Built target cmd_vel_publisher
[100%] Built target cmd_vel_subscribe
-- Install configuration: ""
-- Up-to-date: /home/rmer/ros2/sentry/install/cmd_vel_sender/lib/cmd_vel_sender/cmd_vel_publisher
-- Up-to-date: /home/rmer/ros2/sentry/install/cmd_vel_sender/lib/cmd_vel_sender/cmd_vel_subscribe
-- Up-to-date: /home/rmer/ros2/sentry/install/cmd_vel_sender/share/ament_index/resource_index/package_run_dependencies/cmd_vel_sender
-- Up-to-date: /home/rmer/ros2/sentry/install/cmd_vel_sender/share/ament_index/resource_index/parent_prefix_path/cmd_vel_sender
-- Up-to-date: /home/rmer/ros2/sentry/install/cmd_vel_sender/share/cmd_vel_sender/environment/ament_prefix_path.sh
-- Up-to-date: /home/rmer/ros2/sentry/install/cmd_vel_sender/share/cmd_vel_sender/environment/ament_prefix_path.dsv
-- Up-to-date: /home/rmer/ros2/sentry/install/cmd_vel_sender/share/cmd_vel_sender/environment/path.sh
-- Up-to-date: /home/rmer/ros2/sentry/install/cmd_vel_sender/share/cmd_vel_sender/environment/path.dsv
-- Up-to-date: /home/rmer/ros2/sentry/install/cmd_vel_sender/share/cmd_vel_sender/local_setup.bash
-- Up-to-date: /home/rmer/ros2/sentry/install/cmd_vel_sender/share/cmd_vel_sender/local_setup.sh
-- Up-to-date: /home/rmer/ros2/sentry/install/cmd_vel_sender/share/cmd_vel_sender/local_setup.zsh
-- Up-to-date: /home/rmer/ros2/sentry/install/cmd_vel_sender/share/cmd_vel_sender/local_setup.dsv
-- Installing: /home/rmer/ros2/sentry/install/cmd_vel_sender/share/cmd_vel_sender/package.dsv
-- Up-to-date: /home/rmer/ros2/sentry/install/cmd_vel_sender/share/ament_index/resource_index/packages/cmd_vel_sender
-- Up-to-date: /home/rmer/ros2/sentry/install/cmd_vel_sender/share/cmd_vel_sender/cmake/cmd_vel_senderConfig.cmake
-- Up-to-date: /home/rmer/ros2/sentry/install/cmd_vel_sender/share/cmd_vel_sender/cmake/cmd_vel_senderConfig-version.cmake
-- Up-to-date: /home/rmer/ros2/sentry/install/cmd_vel_sender/share/cmd_vel_sender/package.xml
