[0.013s] Invoking command in '/home/rmer/ros2/sentry/build/cmd_vel_sender': CMAKE_PREFIX_PATH=/opt/ros/humble /usr/local/bin/cmake --build /home/rmer/ros2/sentry/build/cmd_vel_sender -- -j16 -l16
[0.078s] [ 50%] Built target cmd_vel_publisher
[0.088s] [100%] Built target cmd_vel_subscribe
[0.096s] Invoked command in '/home/rmer/ros2/sentry/build/cmd_vel_sender' returned '0': CMAKE_PREFIX_PATH=/opt/ros/humble /usr/local/bin/cmake --build /home/rmer/ros2/sentry/build/cmd_vel_sender -- -j16 -l16
[0.136s] Invoking command in '/home/rmer/ros2/sentry/build/cmd_vel_sender': CMAKE_PREFIX_PATH=/opt/ros/humble /usr/local/bin/cmake --install /home/rmer/ros2/sentry/build/cmd_vel_sender
[0.144s] -- Install configuration: ""
[0.144s] -- Up-to-date: /home/rmer/ros2/sentry/install/cmd_vel_sender/lib/cmd_vel_sender/cmd_vel_publisher
[0.145s] -- Up-to-date: /home/rmer/ros2/sentry/install/cmd_vel_sender/lib/cmd_vel_sender/cmd_vel_subscribe
[0.146s] -- Up-to-date: /home/rmer/ros2/sentry/install/cmd_vel_sender/share/ament_index/resource_index/package_run_dependencies/cmd_vel_sender
[0.146s] -- Up-to-date: /home/rmer/ros2/sentry/install/cmd_vel_sender/share/ament_index/resource_index/parent_prefix_path/cmd_vel_sender
[0.146s] -- Up-to-date: /home/rmer/ros2/sentry/install/cmd_vel_sender/share/cmd_vel_sender/environment/ament_prefix_path.sh
[0.146s] -- Up-to-date: /home/rmer/ros2/sentry/install/cmd_vel_sender/share/cmd_vel_sender/environment/ament_prefix_path.dsv
[0.146s] -- Up-to-date: /home/rmer/ros2/sentry/install/cmd_vel_sender/share/cmd_vel_sender/environment/path.sh
[0.146s] -- Up-to-date: /home/rmer/ros2/sentry/install/cmd_vel_sender/share/cmd_vel_sender/environment/path.dsv
[0.146s] -- Up-to-date: /home/rmer/ros2/sentry/install/cmd_vel_sender/share/cmd_vel_sender/local_setup.bash
[0.146s] -- Up-to-date: /home/rmer/ros2/sentry/install/cmd_vel_sender/share/cmd_vel_sender/local_setup.sh
[0.146s] -- Up-to-date: /home/rmer/ros2/sentry/install/cmd_vel_sender/share/cmd_vel_sender/local_setup.zsh
[0.147s] -- Up-to-date: /home/rmer/ros2/sentry/install/cmd_vel_sender/share/cmd_vel_sender/local_setup.dsv
[0.147s] -- Installing: /home/rmer/ros2/sentry/install/cmd_vel_sender/share/cmd_vel_sender/package.dsv
[0.147s] -- Up-to-date: /home/rmer/ros2/sentry/install/cmd_vel_sender/share/ament_index/resource_index/packages/cmd_vel_sender
[0.147s] -- Up-to-date: /home/rmer/ros2/sentry/install/cmd_vel_sender/share/cmd_vel_sender/cmake/cmd_vel_senderConfig.cmake
[0.147s] -- Up-to-date: /home/rmer/ros2/sentry/install/cmd_vel_sender/share/cmd_vel_sender/cmake/cmd_vel_senderConfig-version.cmake
[0.147s] -- Up-to-date: /home/rmer/ros2/sentry/install/cmd_vel_sender/share/cmd_vel_sender/package.xml
[0.149s] Invoked command in '/home/rmer/ros2/sentry/build/cmd_vel_sender' returned '0': CMAKE_PREFIX_PATH=/opt/ros/humble /usr/local/bin/cmake --install /home/rmer/ros2/sentry/build/cmd_vel_sender
