[0.133s] DEBUG:colcon:Command line arguments: ['/usr/bin/colcon', 'build']
[0.133s] DEBUG:colcon:Parsed command line arguments: Namespace(log_base=None, log_level=None, verb_name='build', build_base='build', install_base='install', merge_install=False, symlink_install=False, test_result_base=None, continue_on_error=False, executor='parallel', parallel_workers=16, event_handlers=None, ignore_user_meta=False, metas=['./colcon.meta'], base_paths=['.'], packages_ignore=None, packages_ignore_regex=None, paths=None, packages_up_to=None, packages_up_to_regex=None, packages_above=None, packages_above_and_dependencies=None, packages_above_depth=None, packages_select_by_dep=None, packages_skip_by_dep=None, packages_skip_up_to=None, packages_select_build_failed=False, packages_skip_build_finished=False, packages_select_test_failures=False, packages_skip_test_passed=False, packages_select=None, packages_skip=None, packages_select_regex=None, packages_skip_regex=None, packages_start=None, packages_end=None, allow_overriding=[], cmake_args=None, cmake_target=None, cmake_target_skip_unavailable=False, cmake_clean_cache=False, cmake_clean_first=False, cmake_force_configure=False, ament_cmake_args=None, catkin_cmake_args=None, catkin_skip_building_tests=False, verb_parser=<colcon_defaults.argument_parser.defaults.DefaultArgumentsDecorator object at 0x7fbbf571ffd0>, verb_extension=<colcon_core.verb.build.BuildVerb object at 0x7fbbf571faf0>, main=<bound method BuildVerb.main of <colcon_core.verb.build.BuildVerb object at 0x7fbbf571faf0>>)
[0.330s] Level 1:colcon.colcon_core.package_discovery:discover_packages(colcon_meta) check parameters
[0.330s] Level 1:colcon.colcon_core.package_discovery:discover_packages(recursive) check parameters
[0.330s] Level 1:colcon.colcon_core.package_discovery:discover_packages(ignore) check parameters
[0.330s] Level 1:colcon.colcon_core.package_discovery:discover_packages(path) check parameters
[0.331s] Level 1:colcon.colcon_core.package_discovery:discover_packages(colcon_meta) discover
[0.331s] Level 1:colcon.colcon_core.package_discovery:discover_packages(recursive) discover
[0.331s] INFO:colcon.colcon_core.package_discovery:Crawling recursively for packages in '/home/rmer/ros2/sentry'
[0.331s] Level 1:colcon.colcon_core.package_identification:_identify(.) by extensions ['ignore', 'ignore_ament_install']
[0.331s] Level 1:colcon.colcon_core.package_identification:_identify(.) by extension 'ignore'
[0.331s] Level 1:colcon.colcon_core.package_identification:_identify(.) by extension 'ignore_ament_install'
[0.331s] Level 1:colcon.colcon_core.package_identification:_identify(.) by extensions ['colcon_pkg']
[0.331s] Level 1:colcon.colcon_core.package_identification:_identify(.) by extension 'colcon_pkg'
[0.331s] Level 1:colcon.colcon_core.package_identification:_identify(.) by extensions ['colcon_meta']
[0.331s] Level 1:colcon.colcon_core.package_identification:_identify(.) by extension 'colcon_meta'
[0.331s] Level 1:colcon.colcon_core.package_identification:_identify(.) by extensions ['ros']
[0.331s] Level 1:colcon.colcon_core.package_identification:_identify(.) by extension 'ros'
[0.348s] Level 1:colcon.colcon_core.package_identification:_identify(.) by extensions ['cmake', 'python']
[0.348s] Level 1:colcon.colcon_core.package_identification:_identify(.) by extension 'cmake'
[0.348s] Level 1:colcon.colcon_core.package_identification:_identify(.) by extension 'python'
[0.348s] Level 1:colcon.colcon_core.package_identification:_identify(.) by extensions ['python_setup_py']
[0.348s] Level 1:colcon.colcon_core.package_identification:_identify(.) by extension 'python_setup_py'
[0.348s] Level 1:colcon.colcon_core.package_identification:_identify(build) by extensions ['ignore', 'ignore_ament_install']
[0.348s] Level 1:colcon.colcon_core.package_identification:_identify(build) by extension 'ignore'
[0.348s] Level 1:colcon.colcon_core.package_identification:_identify(build) ignored
[0.349s] Level 1:colcon.colcon_core.package_identification:_identify(cmd_vel_sender) by extensions ['ignore', 'ignore_ament_install']
[0.349s] Level 1:colcon.colcon_core.package_identification:_identify(cmd_vel_sender) by extension 'ignore'
[0.349s] Level 1:colcon.colcon_core.package_identification:_identify(cmd_vel_sender) by extension 'ignore_ament_install'
[0.349s] Level 1:colcon.colcon_core.package_identification:_identify(cmd_vel_sender) by extensions ['colcon_pkg']
[0.349s] Level 1:colcon.colcon_core.package_identification:_identify(cmd_vel_sender) by extension 'colcon_pkg'
[0.349s] Level 1:colcon.colcon_core.package_identification:_identify(cmd_vel_sender) by extensions ['colcon_meta']
[0.349s] Level 1:colcon.colcon_core.package_identification:_identify(cmd_vel_sender) by extension 'colcon_meta'
[0.349s] Level 1:colcon.colcon_core.package_identification:_identify(cmd_vel_sender) by extensions ['ros']
[0.349s] Level 1:colcon.colcon_core.package_identification:_identify(cmd_vel_sender) by extension 'ros'
[0.353s] DEBUG:colcon.colcon_core.package_identification:Package 'cmd_vel_sender' with type 'ros.ament_cmake' and name 'cmd_vel_sender'
[0.353s] Level 1:colcon.colcon_core.package_identification:_identify(install) by extensions ['ignore', 'ignore_ament_install']
[0.353s] Level 1:colcon.colcon_core.package_identification:_identify(install) by extension 'ignore'
[0.353s] Level 1:colcon.colcon_core.package_identification:_identify(install) ignored
[0.353s] Level 1:colcon.colcon_core.package_identification:_identify(log) by extensions ['ignore', 'ignore_ament_install']
[0.353s] Level 1:colcon.colcon_core.package_identification:_identify(log) by extension 'ignore'
[0.353s] Level 1:colcon.colcon_core.package_identification:_identify(log) ignored
[0.353s] Level 1:colcon.colcon_core.package_discovery:discover_packages(recursive) using defaults
[0.353s] Level 1:colcon.colcon_core.package_discovery:discover_packages(ignore) discover
[0.353s] Level 1:colcon.colcon_core.package_discovery:discover_packages(ignore) using defaults
[0.353s] Level 1:colcon.colcon_core.package_discovery:discover_packages(path) discover
[0.353s] Level 1:colcon.colcon_core.package_discovery:discover_packages(path) using defaults
[0.381s] Level 1:colcon.colcon_core.package_discovery:discover_packages(prefix_path) check parameters
[0.381s] Level 1:colcon.colcon_core.package_discovery:discover_packages(prefix_path) discover
[0.384s] DEBUG:colcon.colcon_installed_package_information.package_discovery:Found 277 installed packages in /opt/ros/humble
[0.424s] Level 1:colcon.colcon_core.package_discovery:discover_packages(prefix_path) using defaults
[0.474s] Level 5:colcon.colcon_core.verb:set package 'cmd_vel_sender' build argument 'cmake_args' from command line to 'None'
[0.474s] Level 5:colcon.colcon_core.verb:set package 'cmd_vel_sender' build argument 'cmake_target' from command line to 'None'
[0.474s] Level 5:colcon.colcon_core.verb:set package 'cmd_vel_sender' build argument 'cmake_target_skip_unavailable' from command line to 'False'
[0.474s] Level 5:colcon.colcon_core.verb:set package 'cmd_vel_sender' build argument 'cmake_clean_cache' from command line to 'False'
[0.474s] Level 5:colcon.colcon_core.verb:set package 'cmd_vel_sender' build argument 'cmake_clean_first' from command line to 'False'
[0.474s] Level 5:colcon.colcon_core.verb:set package 'cmd_vel_sender' build argument 'cmake_force_configure' from command line to 'False'
[0.474s] Level 5:colcon.colcon_core.verb:set package 'cmd_vel_sender' build argument 'ament_cmake_args' from command line to 'None'
[0.474s] Level 5:colcon.colcon_core.verb:set package 'cmd_vel_sender' build argument 'catkin_cmake_args' from command line to 'None'
[0.474s] Level 5:colcon.colcon_core.verb:set package 'cmd_vel_sender' build argument 'catkin_skip_building_tests' from command line to 'False'
[0.474s] DEBUG:colcon.colcon_core.verb:Building package 'cmd_vel_sender' with the following arguments: {'ament_cmake_args': None, 'build_base': '/home/rmer/ros2/sentry/build/cmd_vel_sender', 'catkin_cmake_args': None, 'catkin_skip_building_tests': False, 'cmake_args': None, 'cmake_clean_cache': False, 'cmake_clean_first': False, 'cmake_force_configure': False, 'cmake_target': None, 'cmake_target_skip_unavailable': False, 'install_base': '/home/rmer/ros2/sentry/install/cmd_vel_sender', 'merge_install': False, 'path': '/home/rmer/ros2/sentry/cmd_vel_sender', 'symlink_install': False, 'test_result_base': None}
[0.474s] INFO:colcon.colcon_core.executor:Executing jobs using 'parallel' executor
[0.477s] DEBUG:colcon.colcon_parallel_executor.executor.parallel:run_until_complete
[0.478s] INFO:colcon.colcon_ros.task.ament_cmake.build:Building ROS package in '/home/rmer/ros2/sentry/cmd_vel_sender' with build type 'ament_cmake'
[0.478s] INFO:colcon.colcon_cmake.task.cmake.build:Building CMake package in '/home/rmer/ros2/sentry/cmd_vel_sender'
[0.481s] INFO:colcon.colcon_core.plugin_system:Skipping extension 'colcon_core.shell.bat': Not used on non-Windows systems
[0.482s] INFO:colcon.colcon_core.shell:Skip shell extension 'powershell' for command environment: Not usable outside of PowerShell
[0.482s] DEBUG:colcon.colcon_core.shell:Skip shell extension 'dsv' for command environment
[0.499s] DEBUG:colcon.colcon_core.event_handler.log_command:Invoking command in '/home/rmer/ros2/sentry/build/cmd_vel_sender': CMAKE_PREFIX_PATH=/opt/ros/humble /usr/local/bin/cmake --build /home/rmer/ros2/sentry/build/cmd_vel_sender -- -j16 -l16
[11.564s] DEBUG:colcon.colcon_core.event_handler.log_command:Invoked command in '/home/rmer/ros2/sentry/build/cmd_vel_sender' returned '0': CMAKE_PREFIX_PATH=/opt/ros/humble /usr/local/bin/cmake --build /home/rmer/ros2/sentry/build/cmd_vel_sender -- -j16 -l16
[11.602s] DEBUG:colcon.colcon_core.event_handler.log_command:Invoking command in '/home/rmer/ros2/sentry/build/cmd_vel_sender': CMAKE_PREFIX_PATH=/opt/ros/humble /usr/local/bin/cmake --install /home/rmer/ros2/sentry/build/cmd_vel_sender
[11.614s] Level 1:colcon.colcon_core.environment:create_environment_scripts_only(cmd_vel_sender)
[11.614s] DEBUG:colcon.colcon_core.event_handler.log_command:Invoked command in '/home/rmer/ros2/sentry/build/cmd_vel_sender' returned '0': CMAKE_PREFIX_PATH=/opt/ros/humble /usr/local/bin/cmake --install /home/rmer/ros2/sentry/build/cmd_vel_sender
[11.616s] Level 1:colcon.colcon_core.environment:checking '/home/rmer/ros2/sentry/install/cmd_vel_sender' for CMake module files
[11.616s] Level 1:colcon.colcon_core.environment:checking '/home/rmer/ros2/sentry/install/cmd_vel_sender' for CMake config files
[11.616s] Level 1:colcon.colcon_core.shell:create_environment_hook('cmd_vel_sender', 'cmake_prefix_path')
[11.617s] INFO:colcon.colcon_core.shell:Creating environment hook '/home/rmer/ros2/sentry/install/cmd_vel_sender/share/cmd_vel_sender/hook/cmake_prefix_path.ps1'
[11.617s] INFO:colcon.colcon_core.shell:Creating environment descriptor '/home/rmer/ros2/sentry/install/cmd_vel_sender/share/cmd_vel_sender/hook/cmake_prefix_path.dsv'
[11.617s] INFO:colcon.colcon_core.shell:Creating environment hook '/home/rmer/ros2/sentry/install/cmd_vel_sender/share/cmd_vel_sender/hook/cmake_prefix_path.sh'
[11.618s] Level 1:colcon.colcon_core.environment:checking '/home/rmer/ros2/sentry/install/cmd_vel_sender/lib'
[11.618s] Level 1:colcon.colcon_core.environment:checking '/home/rmer/ros2/sentry/install/cmd_vel_sender/bin'
[11.618s] Level 1:colcon.colcon_core.environment:checking '/home/rmer/ros2/sentry/install/cmd_vel_sender/lib/pkgconfig/cmd_vel_sender.pc'
[11.619s] Level 1:colcon.colcon_core.environment:checking '/home/rmer/ros2/sentry/install/cmd_vel_sender/lib/python3.10/site-packages'
[11.619s] Level 1:colcon.colcon_core.environment:checking '/home/rmer/ros2/sentry/install/cmd_vel_sender/bin'
[11.619s] INFO:colcon.colcon_core.shell:Creating package script '/home/rmer/ros2/sentry/install/cmd_vel_sender/share/cmd_vel_sender/package.ps1'
[11.620s] INFO:colcon.colcon_core.shell:Creating package descriptor '/home/rmer/ros2/sentry/install/cmd_vel_sender/share/cmd_vel_sender/package.dsv'
[11.621s] INFO:colcon.colcon_core.shell:Creating package script '/home/rmer/ros2/sentry/install/cmd_vel_sender/share/cmd_vel_sender/package.sh'
[11.621s] INFO:colcon.colcon_core.shell:Creating package script '/home/rmer/ros2/sentry/install/cmd_vel_sender/share/cmd_vel_sender/package.bash'
[11.622s] INFO:colcon.colcon_core.shell:Creating package script '/home/rmer/ros2/sentry/install/cmd_vel_sender/share/cmd_vel_sender/package.zsh'
[11.622s] Level 1:colcon.colcon_core.environment:create_file_with_runtime_dependencies(/home/rmer/ros2/sentry/install/cmd_vel_sender/share/colcon-core/packages/cmd_vel_sender)
[11.656s] Level 1:colcon.colcon_core.environment:create_environment_scripts_only(cmd_vel_sender)
[11.656s] Level 1:colcon.colcon_core.environment:checking '/home/rmer/ros2/sentry/install/cmd_vel_sender' for CMake module files
[11.656s] Level 1:colcon.colcon_core.environment:checking '/home/rmer/ros2/sentry/install/cmd_vel_sender' for CMake config files
[11.657s] Level 1:colcon.colcon_core.shell:create_environment_hook('cmd_vel_sender', 'cmake_prefix_path')
[11.657s] INFO:colcon.colcon_core.shell:Creating environment hook '/home/rmer/ros2/sentry/install/cmd_vel_sender/share/cmd_vel_sender/hook/cmake_prefix_path.ps1'
[11.657s] INFO:colcon.colcon_core.shell:Creating environment descriptor '/home/rmer/ros2/sentry/install/cmd_vel_sender/share/cmd_vel_sender/hook/cmake_prefix_path.dsv'
[11.658s] INFO:colcon.colcon_core.shell:Creating environment hook '/home/rmer/ros2/sentry/install/cmd_vel_sender/share/cmd_vel_sender/hook/cmake_prefix_path.sh'
[11.658s] Level 1:colcon.colcon_core.environment:checking '/home/rmer/ros2/sentry/install/cmd_vel_sender/lib'
[11.658s] Level 1:colcon.colcon_core.environment:checking '/home/rmer/ros2/sentry/install/cmd_vel_sender/bin'
[11.658s] Level 1:colcon.colcon_core.environment:checking '/home/rmer/ros2/sentry/install/cmd_vel_sender/lib/pkgconfig/cmd_vel_sender.pc'
[11.658s] Level 1:colcon.colcon_core.environment:checking '/home/rmer/ros2/sentry/install/cmd_vel_sender/lib/python3.10/site-packages'
[11.659s] Level 1:colcon.colcon_core.environment:checking '/home/rmer/ros2/sentry/install/cmd_vel_sender/bin'
[11.659s] INFO:colcon.colcon_core.shell:Creating package script '/home/rmer/ros2/sentry/install/cmd_vel_sender/share/cmd_vel_sender/package.ps1'
[11.659s] INFO:colcon.colcon_core.shell:Creating package descriptor '/home/rmer/ros2/sentry/install/cmd_vel_sender/share/cmd_vel_sender/package.dsv'
[11.660s] INFO:colcon.colcon_core.shell:Creating package script '/home/rmer/ros2/sentry/install/cmd_vel_sender/share/cmd_vel_sender/package.sh'
[11.660s] INFO:colcon.colcon_core.shell:Creating package script '/home/rmer/ros2/sentry/install/cmd_vel_sender/share/cmd_vel_sender/package.bash'
[11.660s] INFO:colcon.colcon_core.shell:Creating package script '/home/rmer/ros2/sentry/install/cmd_vel_sender/share/cmd_vel_sender/package.zsh'
[11.661s] Level 1:colcon.colcon_core.environment:create_file_with_runtime_dependencies(/home/rmer/ros2/sentry/install/cmd_vel_sender/share/colcon-core/packages/cmd_vel_sender)
[11.661s] DEBUG:colcon.colcon_parallel_executor.executor.parallel:closing loop
[11.661s] DEBUG:colcon.colcon_parallel_executor.executor.parallel:loop closed
[11.661s] DEBUG:colcon.colcon_parallel_executor.executor.parallel:run_until_complete finished with '0'
[11.661s] DEBUG:colcon.colcon_core.event_reactor:joining thread
[11.666s] INFO:colcon.colcon_core.plugin_system:Skipping extension 'colcon_notification.desktop_notification.terminal_notifier': Not used on non-Darwin systems
[11.666s] INFO:colcon.colcon_core.plugin_system:Skipping extension 'colcon_notification.desktop_notification.win32': Not used on non-Windows systems
[11.666s] INFO:colcon.colcon_notification.desktop_notification:Sending desktop notification using 'notify2'
[11.681s] DEBUG:colcon.colcon_core.event_reactor:joined thread
[11.681s] INFO:colcon.colcon_core.shell:Creating prefix script '/home/rmer/ros2/sentry/install/local_setup.ps1'
[11.683s] INFO:colcon.colcon_core.shell:Creating prefix util module '/home/rmer/ros2/sentry/install/_local_setup_util_ps1.py'
[11.685s] INFO:colcon.colcon_core.shell:Creating prefix chain script '/home/rmer/ros2/sentry/install/setup.ps1'
[11.687s] INFO:colcon.colcon_core.shell:Creating prefix script '/home/rmer/ros2/sentry/install/local_setup.sh'
[11.688s] INFO:colcon.colcon_core.shell:Creating prefix util module '/home/rmer/ros2/sentry/install/_local_setup_util_sh.py'
[11.689s] INFO:colcon.colcon_core.shell:Creating prefix chain script '/home/rmer/ros2/sentry/install/setup.sh'
[11.690s] INFO:colcon.colcon_core.shell:Creating prefix script '/home/rmer/ros2/sentry/install/local_setup.bash'
[11.690s] INFO:colcon.colcon_core.shell:Creating prefix chain script '/home/rmer/ros2/sentry/install/setup.bash'
[11.691s] INFO:colcon.colcon_core.shell:Creating prefix script '/home/rmer/ros2/sentry/install/local_setup.zsh'
[11.692s] INFO:colcon.colcon_core.shell:Creating prefix chain script '/home/rmer/ros2/sentry/install/setup.zsh'
