[0.080s] DEBUG:colcon:Command line arguments: ['/usr/bin/colcon', 'build']
[0.080s] DEBUG:colcon:Parsed command line arguments: Namespace(log_base=None, log_level=None, verb_name='build', build_base='build', install_base='install', merge_install=False, symlink_install=False, test_result_base=None, continue_on_error=False, executor='parallel', parallel_workers=16, event_handlers=None, ignore_user_meta=False, metas=['./colcon.meta'], base_paths=['.'], packages_ignore=None, packages_ignore_regex=None, paths=None, packages_up_to=None, packages_up_to_regex=None, packages_above=None, packages_above_and_dependencies=None, packages_above_depth=None, packages_select_by_dep=None, packages_skip_by_dep=None, packages_skip_up_to=None, packages_select_build_failed=False, packages_skip_build_finished=False, packages_select_test_failures=False, packages_skip_test_passed=False, packages_select=None, packages_skip=None, packages_select_regex=None, packages_skip_regex=None, packages_start=None, packages_end=None, allow_overriding=[], cmake_args=None, cmake_target=None, cmake_target_skip_unavailable=False, cmake_clean_cache=False, cmake_clean_first=False, cmake_force_configure=False, ament_cmake_args=None, catkin_cmake_args=None, catkin_skip_building_tests=False, verb_parser=<colcon_defaults.argument_parser.defaults.DefaultArgumentsDecorator object at 0x7f7761283e20>, verb_extension=<colcon_core.verb.build.BuildVerb object at 0x7f7761283940>, main=<bound method BuildVerb.main of <colcon_core.verb.build.BuildVerb object at 0x7f7761283940>>)
[0.207s] Level 1:colcon.colcon_core.package_discovery:discover_packages(colcon_meta) check parameters
[0.207s] Level 1:colcon.colcon_core.package_discovery:discover_packages(recursive) check parameters
[0.207s] Level 1:colcon.colcon_core.package_discovery:discover_packages(ignore) check parameters
[0.207s] Level 1:colcon.colcon_core.package_discovery:discover_packages(path) check parameters
[0.207s] Level 1:colcon.colcon_core.package_discovery:discover_packages(colcon_meta) discover
[0.207s] Level 1:colcon.colcon_core.package_discovery:discover_packages(recursive) discover
[0.208s] INFO:colcon.colcon_core.package_discovery:Crawling recursively for packages in '/home/rmer/ros2/sentry'
[0.208s] Level 1:colcon.colcon_core.package_identification:_identify(.) by extensions ['ignore', 'ignore_ament_install']
[0.208s] Level 1:colcon.colcon_core.package_identification:_identify(.) by extension 'ignore'
[0.208s] Level 1:colcon.colcon_core.package_identification:_identify(.) by extension 'ignore_ament_install'
[0.208s] Level 1:colcon.colcon_core.package_identification:_identify(.) by extensions ['colcon_pkg']
[0.208s] Level 1:colcon.colcon_core.package_identification:_identify(.) by extension 'colcon_pkg'
[0.208s] Level 1:colcon.colcon_core.package_identification:_identify(.) by extensions ['colcon_meta']
[0.208s] Level 1:colcon.colcon_core.package_identification:_identify(.) by extension 'colcon_meta'
[0.208s] Level 1:colcon.colcon_core.package_identification:_identify(.) by extensions ['ros']
[0.208s] Level 1:colcon.colcon_core.package_identification:_identify(.) by extension 'ros'
[0.217s] Level 1:colcon.colcon_core.package_identification:_identify(.) by extensions ['cmake', 'python']
[0.218s] Level 1:colcon.colcon_core.package_identification:_identify(.) by extension 'cmake'
[0.218s] Level 1:colcon.colcon_core.package_identification:_identify(.) by extension 'python'
[0.218s] Level 1:colcon.colcon_core.package_identification:_identify(.) by extensions ['python_setup_py']
[0.218s] Level 1:colcon.colcon_core.package_identification:_identify(.) by extension 'python_setup_py'
[0.218s] Level 1:colcon.colcon_core.package_identification:_identify(build) by extensions ['ignore', 'ignore_ament_install']
[0.218s] Level 1:colcon.colcon_core.package_identification:_identify(build) by extension 'ignore'
[0.218s] Level 1:colcon.colcon_core.package_identification:_identify(build) ignored
[0.218s] Level 1:colcon.colcon_core.package_identification:_identify(cmd_vel_sender) by extensions ['ignore', 'ignore_ament_install']
[0.218s] Level 1:colcon.colcon_core.package_identification:_identify(cmd_vel_sender) by extension 'ignore'
[0.218s] Level 1:colcon.colcon_core.package_identification:_identify(cmd_vel_sender) by extension 'ignore_ament_install'
[0.218s] Level 1:colcon.colcon_core.package_identification:_identify(cmd_vel_sender) by extensions ['colcon_pkg']
[0.218s] Level 1:colcon.colcon_core.package_identification:_identify(cmd_vel_sender) by extension 'colcon_pkg'
[0.218s] Level 1:colcon.colcon_core.package_identification:_identify(cmd_vel_sender) by extensions ['colcon_meta']
[0.218s] Level 1:colcon.colcon_core.package_identification:_identify(cmd_vel_sender) by extension 'colcon_meta'
[0.218s] Level 1:colcon.colcon_core.package_identification:_identify(cmd_vel_sender) by extensions ['ros']
[0.218s] Level 1:colcon.colcon_core.package_identification:_identify(cmd_vel_sender) by extension 'ros'
[0.220s] DEBUG:colcon.colcon_core.package_identification:Package 'cmd_vel_sender' with type 'ros.ament_cmake' and name 'cmd_vel_sender'
[0.220s] Level 1:colcon.colcon_core.package_identification:_identify(install) by extensions ['ignore', 'ignore_ament_install']
[0.220s] Level 1:colcon.colcon_core.package_identification:_identify(install) by extension 'ignore'
[0.221s] Level 1:colcon.colcon_core.package_identification:_identify(install) ignored
[0.221s] Level 1:colcon.colcon_core.package_identification:_identify(log) by extensions ['ignore', 'ignore_ament_install']
[0.221s] Level 1:colcon.colcon_core.package_identification:_identify(log) by extension 'ignore'
[0.221s] Level 1:colcon.colcon_core.package_identification:_identify(log) ignored
[0.221s] Level 1:colcon.colcon_core.package_discovery:discover_packages(recursive) using defaults
[0.221s] Level 1:colcon.colcon_core.package_discovery:discover_packages(ignore) discover
[0.221s] Level 1:colcon.colcon_core.package_discovery:discover_packages(ignore) using defaults
[0.221s] Level 1:colcon.colcon_core.package_discovery:discover_packages(path) discover
[0.221s] Level 1:colcon.colcon_core.package_discovery:discover_packages(path) using defaults
[0.237s] Level 1:colcon.colcon_core.package_discovery:discover_packages(prefix_path) check parameters
[0.237s] Level 1:colcon.colcon_core.package_discovery:discover_packages(prefix_path) discover
[0.239s] DEBUG:colcon.colcon_installed_package_information.package_discovery:Found 277 installed packages in /opt/ros/humble
[0.255s] Level 1:colcon.colcon_core.package_discovery:discover_packages(prefix_path) using defaults
[0.285s] Level 5:colcon.colcon_core.verb:set package 'cmd_vel_sender' build argument 'cmake_args' from command line to 'None'
[0.285s] Level 5:colcon.colcon_core.verb:set package 'cmd_vel_sender' build argument 'cmake_target' from command line to 'None'
[0.285s] Level 5:colcon.colcon_core.verb:set package 'cmd_vel_sender' build argument 'cmake_target_skip_unavailable' from command line to 'False'
[0.285s] Level 5:colcon.colcon_core.verb:set package 'cmd_vel_sender' build argument 'cmake_clean_cache' from command line to 'False'
[0.285s] Level 5:colcon.colcon_core.verb:set package 'cmd_vel_sender' build argument 'cmake_clean_first' from command line to 'False'
[0.285s] Level 5:colcon.colcon_core.verb:set package 'cmd_vel_sender' build argument 'cmake_force_configure' from command line to 'False'
[0.285s] Level 5:colcon.colcon_core.verb:set package 'cmd_vel_sender' build argument 'ament_cmake_args' from command line to 'None'
[0.285s] Level 5:colcon.colcon_core.verb:set package 'cmd_vel_sender' build argument 'catkin_cmake_args' from command line to 'None'
[0.285s] Level 5:colcon.colcon_core.verb:set package 'cmd_vel_sender' build argument 'catkin_skip_building_tests' from command line to 'False'
[0.285s] DEBUG:colcon.colcon_core.verb:Building package 'cmd_vel_sender' with the following arguments: {'ament_cmake_args': None, 'build_base': '/home/rmer/ros2/sentry/build/cmd_vel_sender', 'catkin_cmake_args': None, 'catkin_skip_building_tests': False, 'cmake_args': None, 'cmake_clean_cache': False, 'cmake_clean_first': False, 'cmake_force_configure': False, 'cmake_target': None, 'cmake_target_skip_unavailable': False, 'install_base': '/home/rmer/ros2/sentry/install/cmd_vel_sender', 'merge_install': False, 'path': '/home/rmer/ros2/sentry/cmd_vel_sender', 'symlink_install': False, 'test_result_base': None}
[0.285s] INFO:colcon.colcon_core.executor:Executing jobs using 'parallel' executor
[0.287s] DEBUG:colcon.colcon_parallel_executor.executor.parallel:run_until_complete
[0.287s] INFO:colcon.colcon_ros.task.ament_cmake.build:Building ROS package in '/home/rmer/ros2/sentry/cmd_vel_sender' with build type 'ament_cmake'
[0.287s] INFO:colcon.colcon_cmake.task.cmake.build:Building CMake package in '/home/rmer/ros2/sentry/cmd_vel_sender'
[0.289s] INFO:colcon.colcon_core.plugin_system:Skipping extension 'colcon_core.shell.bat': Not used on non-Windows systems
[0.289s] INFO:colcon.colcon_core.shell:Skip shell extension 'powershell' for command environment: Not usable outside of PowerShell
[0.289s] DEBUG:colcon.colcon_core.shell:Skip shell extension 'dsv' for command environment
[0.301s] DEBUG:colcon.colcon_core.event_handler.log_command:Invoking command in '/home/rmer/ros2/sentry/build/cmd_vel_sender': CMAKE_PREFIX_PATH=/opt/ros/humble /usr/local/bin/cmake /home/rmer/ros2/sentry/cmd_vel_sender -DCMAKE_INSTALL_PREFIX=/home/rmer/ros2/sentry/install/cmd_vel_sender
[1.517s] DEBUG:colcon.colcon_core.event_handler.log_command:Invoked command in '/home/rmer/ros2/sentry/build/cmd_vel_sender' returned '0': CMAKE_PREFIX_PATH=/opt/ros/humble /usr/local/bin/cmake /home/rmer/ros2/sentry/cmd_vel_sender -DCMAKE_INSTALL_PREFIX=/home/rmer/ros2/sentry/install/cmd_vel_sender
[1.519s] DEBUG:colcon.colcon_core.event_handler.log_command:Invoking command in '/home/rmer/ros2/sentry/build/cmd_vel_sender': CMAKE_PREFIX_PATH=/opt/ros/humble /usr/local/bin/cmake --build /home/rmer/ros2/sentry/build/cmd_vel_sender -- -j16 -l16
[9.915s] DEBUG:colcon.colcon_core.event_handler.log_command:Invoked command in '/home/rmer/ros2/sentry/build/cmd_vel_sender' returned '0': CMAKE_PREFIX_PATH=/opt/ros/humble /usr/local/bin/cmake --build /home/rmer/ros2/sentry/build/cmd_vel_sender -- -j16 -l16
[9.958s] DEBUG:colcon.colcon_core.event_handler.log_command:Invoking command in '/home/rmer/ros2/sentry/build/cmd_vel_sender': CMAKE_PREFIX_PATH=/opt/ros/humble /usr/local/bin/cmake --install /home/rmer/ros2/sentry/build/cmd_vel_sender
[9.972s] Level 1:colcon.colcon_core.environment:create_environment_scripts_only(cmd_vel_sender)
[9.972s] DEBUG:colcon.colcon_core.event_handler.log_command:Invoked command in '/home/rmer/ros2/sentry/build/cmd_vel_sender' returned '0': CMAKE_PREFIX_PATH=/opt/ros/humble /usr/local/bin/cmake --install /home/rmer/ros2/sentry/build/cmd_vel_sender
[9.974s] Level 1:colcon.colcon_core.environment:checking '/home/rmer/ros2/sentry/install/cmd_vel_sender' for CMake module files
[9.974s] Level 1:colcon.colcon_core.environment:checking '/home/rmer/ros2/sentry/install/cmd_vel_sender' for CMake config files
[9.974s] Level 1:colcon.colcon_core.shell:create_environment_hook('cmd_vel_sender', 'cmake_prefix_path')
[9.974s] INFO:colcon.colcon_core.shell:Creating environment hook '/home/rmer/ros2/sentry/install/cmd_vel_sender/share/cmd_vel_sender/hook/cmake_prefix_path.ps1'
[9.975s] INFO:colcon.colcon_core.shell:Creating environment descriptor '/home/rmer/ros2/sentry/install/cmd_vel_sender/share/cmd_vel_sender/hook/cmake_prefix_path.dsv'
[9.975s] INFO:colcon.colcon_core.shell:Creating environment hook '/home/rmer/ros2/sentry/install/cmd_vel_sender/share/cmd_vel_sender/hook/cmake_prefix_path.sh'
[9.976s] Level 1:colcon.colcon_core.environment:checking '/home/rmer/ros2/sentry/install/cmd_vel_sender/lib'
[9.976s] Level 1:colcon.colcon_core.environment:checking '/home/rmer/ros2/sentry/install/cmd_vel_sender/bin'
[9.976s] Level 1:colcon.colcon_core.environment:checking '/home/rmer/ros2/sentry/install/cmd_vel_sender/lib/pkgconfig/cmd_vel_sender.pc'
[9.976s] Level 1:colcon.colcon_core.environment:checking '/home/rmer/ros2/sentry/install/cmd_vel_sender/lib/python3.10/site-packages'
[9.976s] Level 1:colcon.colcon_core.environment:checking '/home/rmer/ros2/sentry/install/cmd_vel_sender/bin'
[9.977s] INFO:colcon.colcon_core.shell:Creating package script '/home/rmer/ros2/sentry/install/cmd_vel_sender/share/cmd_vel_sender/package.ps1'
[9.977s] INFO:colcon.colcon_core.shell:Creating package descriptor '/home/rmer/ros2/sentry/install/cmd_vel_sender/share/cmd_vel_sender/package.dsv'
[9.978s] INFO:colcon.colcon_core.shell:Creating package script '/home/rmer/ros2/sentry/install/cmd_vel_sender/share/cmd_vel_sender/package.sh'
[9.978s] INFO:colcon.colcon_core.shell:Creating package script '/home/rmer/ros2/sentry/install/cmd_vel_sender/share/cmd_vel_sender/package.bash'
[9.979s] INFO:colcon.colcon_core.shell:Creating package script '/home/rmer/ros2/sentry/install/cmd_vel_sender/share/cmd_vel_sender/package.zsh'
[9.979s] Level 1:colcon.colcon_core.environment:create_file_with_runtime_dependencies(/home/rmer/ros2/sentry/install/cmd_vel_sender/share/colcon-core/packages/cmd_vel_sender)
[10.010s] Level 1:colcon.colcon_core.environment:create_environment_scripts_only(cmd_vel_sender)
[10.010s] Level 1:colcon.colcon_core.environment:checking '/home/rmer/ros2/sentry/install/cmd_vel_sender' for CMake module files
[10.011s] Level 1:colcon.colcon_core.environment:checking '/home/rmer/ros2/sentry/install/cmd_vel_sender' for CMake config files
[10.011s] Level 1:colcon.colcon_core.shell:create_environment_hook('cmd_vel_sender', 'cmake_prefix_path')
[10.011s] INFO:colcon.colcon_core.shell:Creating environment hook '/home/rmer/ros2/sentry/install/cmd_vel_sender/share/cmd_vel_sender/hook/cmake_prefix_path.ps1'
[10.012s] INFO:colcon.colcon_core.shell:Creating environment descriptor '/home/rmer/ros2/sentry/install/cmd_vel_sender/share/cmd_vel_sender/hook/cmake_prefix_path.dsv'
[10.012s] INFO:colcon.colcon_core.shell:Creating environment hook '/home/rmer/ros2/sentry/install/cmd_vel_sender/share/cmd_vel_sender/hook/cmake_prefix_path.sh'
[10.013s] Level 1:colcon.colcon_core.environment:checking '/home/rmer/ros2/sentry/install/cmd_vel_sender/lib'
[10.013s] Level 1:colcon.colcon_core.environment:checking '/home/rmer/ros2/sentry/install/cmd_vel_sender/bin'
[10.013s] Level 1:colcon.colcon_core.environment:checking '/home/rmer/ros2/sentry/install/cmd_vel_sender/lib/pkgconfig/cmd_vel_sender.pc'
[10.013s] Level 1:colcon.colcon_core.environment:checking '/home/rmer/ros2/sentry/install/cmd_vel_sender/lib/python3.10/site-packages'
[10.013s] Level 1:colcon.colcon_core.environment:checking '/home/rmer/ros2/sentry/install/cmd_vel_sender/bin'
[10.014s] INFO:colcon.colcon_core.shell:Creating package script '/home/rmer/ros2/sentry/install/cmd_vel_sender/share/cmd_vel_sender/package.ps1'
[10.015s] INFO:colcon.colcon_core.shell:Creating package descriptor '/home/rmer/ros2/sentry/install/cmd_vel_sender/share/cmd_vel_sender/package.dsv'
[10.015s] INFO:colcon.colcon_core.shell:Creating package script '/home/rmer/ros2/sentry/install/cmd_vel_sender/share/cmd_vel_sender/package.sh'
[10.015s] INFO:colcon.colcon_core.shell:Creating package script '/home/rmer/ros2/sentry/install/cmd_vel_sender/share/cmd_vel_sender/package.bash'
[10.016s] INFO:colcon.colcon_core.shell:Creating package script '/home/rmer/ros2/sentry/install/cmd_vel_sender/share/cmd_vel_sender/package.zsh'
[10.016s] Level 1:colcon.colcon_core.environment:create_file_with_runtime_dependencies(/home/rmer/ros2/sentry/install/cmd_vel_sender/share/colcon-core/packages/cmd_vel_sender)
[10.017s] DEBUG:colcon.colcon_parallel_executor.executor.parallel:closing loop
[10.018s] DEBUG:colcon.colcon_parallel_executor.executor.parallel:loop closed
[10.018s] DEBUG:colcon.colcon_parallel_executor.executor.parallel:run_until_complete finished with '0'
[10.018s] DEBUG:colcon.colcon_core.event_reactor:joining thread
[10.022s] INFO:colcon.colcon_core.plugin_system:Skipping extension 'colcon_notification.desktop_notification.terminal_notifier': Not used on non-Darwin systems
[10.023s] INFO:colcon.colcon_core.plugin_system:Skipping extension 'colcon_notification.desktop_notification.win32': Not used on non-Windows systems
[10.023s] INFO:colcon.colcon_notification.desktop_notification:Sending desktop notification using 'notify2'
[10.048s] DEBUG:colcon.colcon_core.event_reactor:joined thread
[10.048s] INFO:colcon.colcon_core.shell:Creating prefix script '/home/rmer/ros2/sentry/install/local_setup.ps1'
[10.049s] INFO:colcon.colcon_core.shell:Creating prefix util module '/home/rmer/ros2/sentry/install/_local_setup_util_ps1.py'
[10.050s] INFO:colcon.colcon_core.shell:Creating prefix chain script '/home/rmer/ros2/sentry/install/setup.ps1'
[10.051s] INFO:colcon.colcon_core.shell:Creating prefix script '/home/rmer/ros2/sentry/install/local_setup.sh'
[10.052s] INFO:colcon.colcon_core.shell:Creating prefix util module '/home/rmer/ros2/sentry/install/_local_setup_util_sh.py'
[10.053s] INFO:colcon.colcon_core.shell:Creating prefix chain script '/home/rmer/ros2/sentry/install/setup.sh'
[10.054s] INFO:colcon.colcon_core.shell:Creating prefix script '/home/rmer/ros2/sentry/install/local_setup.bash'
[10.054s] INFO:colcon.colcon_core.shell:Creating prefix chain script '/home/rmer/ros2/sentry/install/setup.bash'
[10.055s] INFO:colcon.colcon_core.shell:Creating prefix script '/home/rmer/ros2/sentry/install/local_setup.zsh'
[10.056s] INFO:colcon.colcon_core.shell:Creating prefix chain script '/home/rmer/ros2/sentry/install/setup.zsh'
