-- The C compiler identification is GNU 12.3.0
-- The CXX compiler identification is GNU 12.3.0
-- Detecting C compiler ABI info
-- Detecting C compiler ABI info - done
-- Check for working C compiler: /usr/bin/cc - skipped
-- Detecting C compile features
-- Detecting C compile features - done
-- Detecting CXX compiler ABI info
-- Detecting CXX compiler ABI info - done
-- Check for working CXX compiler: /usr/bin/c++ - skipped
-- Detecting CXX compile features
-- Detecting CXX compile features - done
-- Found ament_cmake: 1.3.10 (/opt/ros/humble/share/ament_cmake/cmake)
-- Found Python3: /usr/bin/python3 (found version "3.10.12") found components: Interpreter
-- Found rclcpp: 16.0.10 (/opt/ros/humble/share/rclcpp/cmake)
-- Found rosidl_generator_c: 3.1.5 (/opt/ros/humble/share/rosidl_generator_c/cmake)
-- Found rosidl_adapter: 3.1.5 (/opt/ros/humble/share/rosidl_adapter/cmake)
-- Found rosidl_generator_cpp: 3.1.5 (/opt/ros/humble/share/rosidl_generator_cpp/cmake)
-- Using all available rosidl_typesupport_c: rosidl_typesupport_fastrtps_c;rosidl_typesupport_introspection_c
-- Using all available rosidl_typesupport_cpp: rosidl_typesupport_fastrtps_cpp;rosidl_typesupport_introspection_cpp
-- Found rmw_implementation_cmake: 6.1.2 (/opt/ros/humble/share/rmw_implementation_cmake/cmake)
-- Found rmw_fastrtps_cpp: 6.2.7 (/opt/ros/humble/share/rmw_fastrtps_cpp/cmake)
-- Found OpenSSL: /usr/lib/x86_64-linux-gnu/libcrypto.so (found version "3.0.2")
-- Found FastRTPS: /opt/ros/humble/include
-- Using RMW implementation 'rmw_fastrtps_cpp' as default
-- Performing Test CMAKE_HAVE_LIBC_PTHREAD
-- Performing Test CMAKE_HAVE_LIBC_PTHREAD - Success
-- Found Threads: TRUE
-- Found geometry_msgs: 4.2.4 (/opt/ros/humble/share/geometry_msgs/cmake)
-- Configuring done (1.2s)
-- Generating done (0.0s)
-- Build files have been written to: /home/rmer/ros2/sentry/build/cmd_vel_sender
[ 50%] [32mBuilding CXX object CMakeFiles/cmd_vel_subscribe.dir/src/cmd_vel_subscribe.cpp.o[0m
[ 66%] [32mBuilding CXX object CMakeFiles/cmd_vel_publisher.dir/include/cmd_vel_sender/serial.cpp.o[0m
[ 66%] [32mBuilding CXX object CMakeFiles/cmd_vel_publisher.dir/src/cmd_vel_publisher.cpp.o[0m
[ 66%] [32mBuilding CXX object CMakeFiles/cmd_vel_subscribe.dir/include/cmd_vel_sender/serial.cpp.o[0m
[ 83%] [32m[1mLinking CXX executable cmd_vel_publisher[0m
[ 83%] Built target cmd_vel_publisher
[100%] [32m[1mLinking CXX executable cmd_vel_subscribe[0m
[100%] Built target cmd_vel_subscribe
-- Install configuration: ""
-- Installing: /home/rmer/ros2/sentry/install/cmd_vel_sender/lib/cmd_vel_sender/cmd_vel_publisher
-- Set non-toolchain portion of runtime path of "/home/rmer/ros2/sentry/install/cmd_vel_sender/lib/cmd_vel_sender/cmd_vel_publisher" to ""
-- Installing: /home/rmer/ros2/sentry/install/cmd_vel_sender/lib/cmd_vel_sender/cmd_vel_subscribe
-- Set non-toolchain portion of runtime path of "/home/rmer/ros2/sentry/install/cmd_vel_sender/lib/cmd_vel_sender/cmd_vel_subscribe" to ""
-- Installing: /home/rmer/ros2/sentry/install/cmd_vel_sender/share/ament_index/resource_index/package_run_dependencies/cmd_vel_sender
-- Installing: /home/rmer/ros2/sentry/install/cmd_vel_sender/share/ament_index/resource_index/parent_prefix_path/cmd_vel_sender
-- Installing: /home/rmer/ros2/sentry/install/cmd_vel_sender/share/cmd_vel_sender/environment/ament_prefix_path.sh
-- Installing: /home/rmer/ros2/sentry/install/cmd_vel_sender/share/cmd_vel_sender/environment/ament_prefix_path.dsv
-- Installing: /home/rmer/ros2/sentry/install/cmd_vel_sender/share/cmd_vel_sender/environment/path.sh
-- Installing: /home/rmer/ros2/sentry/install/cmd_vel_sender/share/cmd_vel_sender/environment/path.dsv
-- Installing: /home/rmer/ros2/sentry/install/cmd_vel_sender/share/cmd_vel_sender/local_setup.bash
-- Installing: /home/rmer/ros2/sentry/install/cmd_vel_sender/share/cmd_vel_sender/local_setup.sh
-- Installing: /home/rmer/ros2/sentry/install/cmd_vel_sender/share/cmd_vel_sender/local_setup.zsh
-- Installing: /home/rmer/ros2/sentry/install/cmd_vel_sender/share/cmd_vel_sender/local_setup.dsv
-- Installing: /home/rmer/ros2/sentry/install/cmd_vel_sender/share/cmd_vel_sender/package.dsv
-- Installing: /home/rmer/ros2/sentry/install/cmd_vel_sender/share/ament_index/resource_index/packages/cmd_vel_sender
-- Installing: /home/rmer/ros2/sentry/install/cmd_vel_sender/share/cmd_vel_sender/cmake/cmd_vel_senderConfig.cmake
-- Installing: /home/rmer/ros2/sentry/install/cmd_vel_sender/share/cmd_vel_sender/cmake/cmd_vel_senderConfig-version.cmake
-- Installing: /home/rmer/ros2/sentry/install/cmd_vel_sender/share/cmd_vel_sender/package.xml
