[0.019s] Invoking command in '/home/rmer/ros2/sentry/build/cmd_vel_sender': CMAKE_PREFIX_PATH=/opt/ros/humble /usr/local/bin/cmake --build /home/rmer/ros2/sentry/build/cmd_vel_sender -- -j16 -l16
[0.086s] [ 50%] Built target cmd_vel_publisher
[0.098s] [ 66%] [32mBuilding CXX object CMakeFiles/cmd_vel_subscribe.dir/src/cmd_vel_subscribe.cpp.o[0m
[10.650s] [ 83%] [32m[1mLinking CXX executable cmd_vel_subscribe[0m
[11.077s] [100%] Built target cmd_vel_subscribe
[11.085s] Invoked command in '/home/rmer/ros2/sentry/build/cmd_vel_sender' returned '0': CMAKE_PREFIX_PATH=/opt/ros/humble /usr/local/bin/cmake --build /home/rmer/ros2/sentry/build/cmd_vel_sender -- -j16 -l16
[11.123s] Invoking command in '/home/rmer/ros2/sentry/build/cmd_vel_sender': CMAKE_PREFIX_PATH=/opt/ros/humble /usr/local/bin/cmake --install /home/rmer/ros2/sentry/build/cmd_vel_sender
[11.127s] -- Install configuration: ""
[11.127s] -- Up-to-date: /home/rmer/ros2/sentry/install/cmd_vel_sender/lib/cmd_vel_sender/cmd_vel_publisher
[11.127s] -- Installing: /home/rmer/ros2/sentry/install/cmd_vel_sender/lib/cmd_vel_sender/cmd_vel_subscribe
[11.133s] -- Set non-toolchain portion of runtime path of "/home/rmer/ros2/sentry/install/cmd_vel_sender/lib/cmd_vel_sender/cmd_vel_subscribe" to ""
[11.133s] -- Up-to-date: /home/rmer/ros2/sentry/install/cmd_vel_sender/share/ament_index/resource_index/package_run_dependencies/cmd_vel_sender
[11.133s] -- Up-to-date: /home/rmer/ros2/sentry/install/cmd_vel_sender/share/ament_index/resource_index/parent_prefix_path/cmd_vel_sender
[11.133s] -- Up-to-date: /home/rmer/ros2/sentry/install/cmd_vel_sender/share/cmd_vel_sender/environment/ament_prefix_path.sh
[11.133s] -- Up-to-date: /home/rmer/ros2/sentry/install/cmd_vel_sender/share/cmd_vel_sender/environment/ament_prefix_path.dsv
[11.133s] -- Up-to-date: /home/rmer/ros2/sentry/install/cmd_vel_sender/share/cmd_vel_sender/environment/path.sh
[11.133s] -- Up-to-date: /home/rmer/ros2/sentry/install/cmd_vel_sender/share/cmd_vel_sender/environment/path.dsv
[11.133s] -- Up-to-date: /home/rmer/ros2/sentry/install/cmd_vel_sender/share/cmd_vel_sender/local_setup.bash
[11.134s] -- Up-to-date: /home/rmer/ros2/sentry/install/cmd_vel_sender/share/cmd_vel_sender/local_setup.sh
[11.134s] -- Up-to-date: /home/rmer/ros2/sentry/install/cmd_vel_sender/share/cmd_vel_sender/local_setup.zsh
[11.134s] -- Up-to-date: /home/rmer/ros2/sentry/install/cmd_vel_sender/share/cmd_vel_sender/local_setup.dsv
[11.134s] -- Installing: /home/rmer/ros2/sentry/install/cmd_vel_sender/share/cmd_vel_sender/package.dsv
[11.134s] -- Up-to-date: /home/rmer/ros2/sentry/install/cmd_vel_sender/share/ament_index/resource_index/packages/cmd_vel_sender
[11.134s] -- Up-to-date: /home/rmer/ros2/sentry/install/cmd_vel_sender/share/cmd_vel_sender/cmake/cmd_vel_senderConfig.cmake
[11.134s] -- Up-to-date: /home/rmer/ros2/sentry/install/cmd_vel_sender/share/cmd_vel_sender/cmake/cmd_vel_senderConfig-version.cmake
[11.134s] -- Up-to-date: /home/rmer/ros2/sentry/install/cmd_vel_sender/share/cmd_vel_sender/package.xml
[11.135s] Invoked command in '/home/rmer/ros2/sentry/build/cmd_vel_sender' returned '0': CMAKE_PREFIX_PATH=/opt/ros/humble /usr/local/bin/cmake --install /home/rmer/ros2/sentry/build/cmd_vel_sender
