[0.081s] DEBUG:colcon:Command line arguments: ['/usr/bin/colcon', 'build']
[0.081s] DEBUG:colcon:Parsed command line arguments: Namespace(log_base=None, log_level=None, verb_name='build', build_base='build', install_base='install', merge_install=False, symlink_install=False, test_result_base=None, continue_on_error=False, executor='parallel', parallel_workers=16, event_handlers=None, ignore_user_meta=False, metas=['./colcon.meta'], base_paths=['.'], packages_ignore=None, packages_ignore_regex=None, paths=None, packages_up_to=None, packages_up_to_regex=None, packages_above=None, packages_above_and_dependencies=None, packages_above_depth=None, packages_select_by_dep=None, packages_skip_by_dep=None, packages_skip_up_to=None, packages_select_build_failed=False, packages_skip_build_finished=False, packages_select_test_failures=False, packages_skip_test_passed=False, packages_select=None, packages_skip=None, packages_select_regex=None, packages_skip_regex=None, packages_start=None, packages_end=None, allow_overriding=[], cmake_args=None, cmake_target=None, cmake_target_skip_unavailable=False, cmake_clean_cache=False, cmake_clean_first=False, cmake_force_configure=False, ament_cmake_args=None, catkin_cmake_args=None, catkin_skip_building_tests=False, verb_parser=<colcon_defaults.argument_parser.defaults.DefaultArgumentsDecorator object at 0x7fbe49c3e890>, verb_extension=<colcon_core.verb.build.BuildVerb object at 0x7fbe49c3e380>, main=<bound method BuildVerb.main of <colcon_core.verb.build.BuildVerb object at 0x7fbe49c3e380>>)
[0.209s] Level 1:colcon.colcon_core.package_discovery:discover_packages(colcon_meta) check parameters
[0.210s] Level 1:colcon.colcon_core.package_discovery:discover_packages(recursive) check parameters
[0.210s] Level 1:colcon.colcon_core.package_discovery:discover_packages(ignore) check parameters
[0.210s] Level 1:colcon.colcon_core.package_discovery:discover_packages(path) check parameters
[0.210s] Level 1:colcon.colcon_core.package_discovery:discover_packages(colcon_meta) discover
[0.210s] Level 1:colcon.colcon_core.package_discovery:discover_packages(recursive) discover
[0.210s] INFO:colcon.colcon_core.package_discovery:Crawling recursively for packages in '/home/rmer/ros2/ros2-gamepad'
[0.210s] Level 1:colcon.colcon_core.package_identification:_identify(.) by extensions ['ignore', 'ignore_ament_install']
[0.210s] Level 1:colcon.colcon_core.package_identification:_identify(.) by extension 'ignore'
[0.210s] Level 1:colcon.colcon_core.package_identification:_identify(.) by extension 'ignore_ament_install'
[0.210s] Level 1:colcon.colcon_core.package_identification:_identify(.) by extensions ['colcon_pkg']
[0.210s] Level 1:colcon.colcon_core.package_identification:_identify(.) by extension 'colcon_pkg'
[0.210s] Level 1:colcon.colcon_core.package_identification:_identify(.) by extensions ['colcon_meta']
[0.210s] Level 1:colcon.colcon_core.package_identification:_identify(.) by extension 'colcon_meta'
[0.210s] Level 1:colcon.colcon_core.package_identification:_identify(.) by extensions ['ros']
[0.210s] Level 1:colcon.colcon_core.package_identification:_identify(.) by extension 'ros'
[0.222s] DEBUG:colcon.colcon_core.package_identification:Package '.' with type 'ros.ament_cmake' and name 'gamepad'
[0.222s] Level 1:colcon.colcon_core.package_discovery:discover_packages(recursive) using defaults
[0.222s] Level 1:colcon.colcon_core.package_discovery:discover_packages(ignore) discover
[0.222s] Level 1:colcon.colcon_core.package_discovery:discover_packages(ignore) using defaults
[0.222s] Level 1:colcon.colcon_core.package_discovery:discover_packages(path) discover
[0.222s] Level 1:colcon.colcon_core.package_discovery:discover_packages(path) using defaults
[0.238s] Level 1:colcon.colcon_core.package_discovery:discover_packages(prefix_path) check parameters
[0.238s] Level 1:colcon.colcon_core.package_discovery:discover_packages(prefix_path) discover
[0.241s] DEBUG:colcon.colcon_installed_package_information.package_discovery:Found 277 installed packages in /opt/ros/humble
[0.243s] Level 1:colcon.colcon_core.package_discovery:discover_packages(prefix_path) using defaults
[0.286s] Level 5:colcon.colcon_core.verb:set package 'gamepad' build argument 'cmake_args' from command line to 'None'
[0.287s] Level 5:colcon.colcon_core.verb:set package 'gamepad' build argument 'cmake_target' from command line to 'None'
[0.287s] Level 5:colcon.colcon_core.verb:set package 'gamepad' build argument 'cmake_target_skip_unavailable' from command line to 'False'
[0.287s] Level 5:colcon.colcon_core.verb:set package 'gamepad' build argument 'cmake_clean_cache' from command line to 'False'
[0.287s] Level 5:colcon.colcon_core.verb:set package 'gamepad' build argument 'cmake_clean_first' from command line to 'False'
[0.287s] Level 5:colcon.colcon_core.verb:set package 'gamepad' build argument 'cmake_force_configure' from command line to 'False'
[0.287s] Level 5:colcon.colcon_core.verb:set package 'gamepad' build argument 'ament_cmake_args' from command line to 'None'
[0.287s] Level 5:colcon.colcon_core.verb:set package 'gamepad' build argument 'catkin_cmake_args' from command line to 'None'
[0.287s] Level 5:colcon.colcon_core.verb:set package 'gamepad' build argument 'catkin_skip_building_tests' from command line to 'False'
[0.287s] DEBUG:colcon.colcon_core.verb:Building package 'gamepad' with the following arguments: {'ament_cmake_args': None, 'build_base': '/home/rmer/ros2/ros2-gamepad/build/gamepad', 'catkin_cmake_args': None, 'catkin_skip_building_tests': False, 'cmake_args': None, 'cmake_clean_cache': False, 'cmake_clean_first': False, 'cmake_force_configure': False, 'cmake_target': None, 'cmake_target_skip_unavailable': False, 'install_base': '/home/rmer/ros2/ros2-gamepad/install/gamepad', 'merge_install': False, 'path': '/home/rmer/ros2/ros2-gamepad', 'symlink_install': False, 'test_result_base': None}
[0.287s] INFO:colcon.colcon_core.executor:Executing jobs using 'parallel' executor
[0.288s] DEBUG:colcon.colcon_parallel_executor.executor.parallel:run_until_complete
[0.288s] INFO:colcon.colcon_ros.task.ament_cmake.build:Building ROS package in '/home/rmer/ros2/ros2-gamepad' with build type 'ament_cmake'
[0.288s] INFO:colcon.colcon_cmake.task.cmake.build:Building CMake package in '/home/rmer/ros2/ros2-gamepad'
[0.291s] INFO:colcon.colcon_core.plugin_system:Skipping extension 'colcon_core.shell.bat': Not used on non-Windows systems
[0.291s] INFO:colcon.colcon_core.shell:Skip shell extension 'powershell' for command environment: Not usable outside of PowerShell
[0.291s] DEBUG:colcon.colcon_core.shell:Skip shell extension 'dsv' for command environment
[0.301s] DEBUG:colcon.colcon_core.event_handler.log_command:Invoking command in '/home/rmer/ros2/ros2-gamepad/build/gamepad': CMAKE_PREFIX_PATH=/opt/ros/humble /usr/local/bin/cmake --build /home/rmer/ros2/ros2-gamepad/build/gamepad -- -j16 -l16
[4.720s] DEBUG:colcon.colcon_core.event_handler.log_command:Invoked command in '/home/rmer/ros2/ros2-gamepad/build/gamepad' returned '0': CMAKE_PREFIX_PATH=/opt/ros/humble /usr/local/bin/cmake --build /home/rmer/ros2/ros2-gamepad/build/gamepad -- -j16 -l16
[4.728s] DEBUG:colcon.colcon_core.event_handler.log_command:Invoking command in '/home/rmer/ros2/ros2-gamepad/build/gamepad': CMAKE_PREFIX_PATH=/opt/ros/humble /usr/local/bin/cmake --install /home/rmer/ros2/ros2-gamepad/build/gamepad
[4.737s] Level 1:colcon.colcon_core.environment:create_environment_scripts_only(gamepad)
[4.738s] DEBUG:colcon.colcon_core.event_handler.log_command:Invoked command in '/home/rmer/ros2/ros2-gamepad/build/gamepad' returned '0': CMAKE_PREFIX_PATH=/opt/ros/humble /usr/local/bin/cmake --install /home/rmer/ros2/ros2-gamepad/build/gamepad
[4.740s] Level 1:colcon.colcon_core.environment:checking '/home/rmer/ros2/ros2-gamepad/install/gamepad' for CMake module files
[4.740s] Level 1:colcon.colcon_core.environment:checking '/home/rmer/ros2/ros2-gamepad/install/gamepad' for CMake config files
[4.741s] Level 1:colcon.colcon_core.shell:create_environment_hook('gamepad', 'cmake_prefix_path')
[4.741s] INFO:colcon.colcon_core.shell:Creating environment hook '/home/rmer/ros2/ros2-gamepad/install/gamepad/share/gamepad/hook/cmake_prefix_path.ps1'
[4.742s] INFO:colcon.colcon_core.shell:Creating environment descriptor '/home/rmer/ros2/ros2-gamepad/install/gamepad/share/gamepad/hook/cmake_prefix_path.dsv'
[4.742s] INFO:colcon.colcon_core.shell:Creating environment hook '/home/rmer/ros2/ros2-gamepad/install/gamepad/share/gamepad/hook/cmake_prefix_path.sh'
[4.743s] Level 1:colcon.colcon_core.environment:checking '/home/rmer/ros2/ros2-gamepad/install/gamepad/lib'
[4.743s] Level 1:colcon.colcon_core.environment:checking '/home/rmer/ros2/ros2-gamepad/install/gamepad/bin'
[4.743s] Level 1:colcon.colcon_core.environment:checking '/home/rmer/ros2/ros2-gamepad/install/gamepad/lib/pkgconfig/gamepad.pc'
[4.743s] Level 1:colcon.colcon_core.environment:checking '/home/rmer/ros2/ros2-gamepad/install/gamepad/lib/python3.10/site-packages'
[4.743s] Level 1:colcon.colcon_core.environment:checking '/home/rmer/ros2/ros2-gamepad/install/gamepad/bin'
[4.743s] INFO:colcon.colcon_core.shell:Creating package script '/home/rmer/ros2/ros2-gamepad/install/gamepad/share/gamepad/package.ps1'
[4.744s] INFO:colcon.colcon_core.shell:Creating package descriptor '/home/rmer/ros2/ros2-gamepad/install/gamepad/share/gamepad/package.dsv'
[4.744s] INFO:colcon.colcon_core.shell:Creating package script '/home/rmer/ros2/ros2-gamepad/install/gamepad/share/gamepad/package.sh'
[4.745s] INFO:colcon.colcon_core.shell:Creating package script '/home/rmer/ros2/ros2-gamepad/install/gamepad/share/gamepad/package.bash'
[4.746s] INFO:colcon.colcon_core.shell:Creating package script '/home/rmer/ros2/ros2-gamepad/install/gamepad/share/gamepad/package.zsh'
[4.746s] Level 1:colcon.colcon_core.environment:create_file_with_runtime_dependencies(/home/rmer/ros2/ros2-gamepad/install/gamepad/share/colcon-core/packages/gamepad)
[4.746s] Level 1:colcon.colcon_core.environment:create_environment_scripts_only(gamepad)
[4.747s] Level 1:colcon.colcon_core.environment:checking '/home/rmer/ros2/ros2-gamepad/install/gamepad' for CMake module files
[4.747s] Level 1:colcon.colcon_core.environment:checking '/home/rmer/ros2/ros2-gamepad/install/gamepad' for CMake config files
[4.747s] Level 1:colcon.colcon_core.shell:create_environment_hook('gamepad', 'cmake_prefix_path')
[4.747s] INFO:colcon.colcon_core.shell:Creating environment hook '/home/rmer/ros2/ros2-gamepad/install/gamepad/share/gamepad/hook/cmake_prefix_path.ps1'
[4.748s] INFO:colcon.colcon_core.shell:Creating environment descriptor '/home/rmer/ros2/ros2-gamepad/install/gamepad/share/gamepad/hook/cmake_prefix_path.dsv'
[4.748s] INFO:colcon.colcon_core.shell:Creating environment hook '/home/rmer/ros2/ros2-gamepad/install/gamepad/share/gamepad/hook/cmake_prefix_path.sh'
[4.748s] Level 1:colcon.colcon_core.environment:checking '/home/rmer/ros2/ros2-gamepad/install/gamepad/lib'
[4.748s] Level 1:colcon.colcon_core.environment:checking '/home/rmer/ros2/ros2-gamepad/install/gamepad/bin'
[4.748s] Level 1:colcon.colcon_core.environment:checking '/home/rmer/ros2/ros2-gamepad/install/gamepad/lib/pkgconfig/gamepad.pc'
[4.749s] Level 1:colcon.colcon_core.environment:checking '/home/rmer/ros2/ros2-gamepad/install/gamepad/lib/python3.10/site-packages'
[4.749s] Level 1:colcon.colcon_core.environment:checking '/home/rmer/ros2/ros2-gamepad/install/gamepad/bin'
[4.749s] INFO:colcon.colcon_core.shell:Creating package script '/home/rmer/ros2/ros2-gamepad/install/gamepad/share/gamepad/package.ps1'
[4.750s] INFO:colcon.colcon_core.shell:Creating package descriptor '/home/rmer/ros2/ros2-gamepad/install/gamepad/share/gamepad/package.dsv'
[4.750s] INFO:colcon.colcon_core.shell:Creating package script '/home/rmer/ros2/ros2-gamepad/install/gamepad/share/gamepad/package.sh'
[4.750s] INFO:colcon.colcon_core.shell:Creating package script '/home/rmer/ros2/ros2-gamepad/install/gamepad/share/gamepad/package.bash'
[4.751s] INFO:colcon.colcon_core.shell:Creating package script '/home/rmer/ros2/ros2-gamepad/install/gamepad/share/gamepad/package.zsh'
[4.751s] Level 1:colcon.colcon_core.environment:create_file_with_runtime_dependencies(/home/rmer/ros2/ros2-gamepad/install/gamepad/share/colcon-core/packages/gamepad)
[4.751s] DEBUG:colcon.colcon_parallel_executor.executor.parallel:closing loop
[4.752s] DEBUG:colcon.colcon_parallel_executor.executor.parallel:loop closed
[4.752s] DEBUG:colcon.colcon_parallel_executor.executor.parallel:run_until_complete finished with '0'
[4.752s] DEBUG:colcon.colcon_core.event_reactor:joining thread
[4.757s] INFO:colcon.colcon_core.plugin_system:Skipping extension 'colcon_notification.desktop_notification.terminal_notifier': Not used on non-Darwin systems
[4.757s] INFO:colcon.colcon_core.plugin_system:Skipping extension 'colcon_notification.desktop_notification.win32': Not used on non-Windows systems
[4.757s] INFO:colcon.colcon_notification.desktop_notification:Sending desktop notification using 'notify2'
[4.771s] DEBUG:colcon.colcon_core.event_reactor:joined thread
[4.771s] INFO:colcon.colcon_core.shell:Creating prefix script '/home/rmer/ros2/ros2-gamepad/install/local_setup.ps1'
[4.773s] INFO:colcon.colcon_core.shell:Creating prefix util module '/home/rmer/ros2/ros2-gamepad/install/_local_setup_util_ps1.py'
[4.774s] INFO:colcon.colcon_core.shell:Creating prefix chain script '/home/rmer/ros2/ros2-gamepad/install/setup.ps1'
[4.775s] INFO:colcon.colcon_core.shell:Creating prefix script '/home/rmer/ros2/ros2-gamepad/install/local_setup.sh'
[4.776s] INFO:colcon.colcon_core.shell:Creating prefix util module '/home/rmer/ros2/ros2-gamepad/install/_local_setup_util_sh.py'
[4.776s] INFO:colcon.colcon_core.shell:Creating prefix chain script '/home/rmer/ros2/ros2-gamepad/install/setup.sh'
[4.777s] INFO:colcon.colcon_core.shell:Creating prefix script '/home/rmer/ros2/ros2-gamepad/install/local_setup.bash'
[4.777s] INFO:colcon.colcon_core.shell:Creating prefix chain script '/home/rmer/ros2/ros2-gamepad/install/setup.bash'
[4.778s] INFO:colcon.colcon_core.shell:Creating prefix script '/home/rmer/ros2/ros2-gamepad/install/local_setup.zsh'
[4.778s] INFO:colcon.colcon_core.shell:Creating prefix chain script '/home/rmer/ros2/ros2-gamepad/install/setup.zsh'
