[0.157s] DEBUG:colcon:Command line arguments: ['/usr/bin/colcon', 'build']
[0.158s] DEBUG:colcon:Parsed command line arguments: Namespace(log_base=None, log_level=None, verb_name='build', build_base='build', install_base='install', merge_install=False, symlink_install=False, test_result_base=None, continue_on_error=False, executor='parallel', parallel_workers=16, event_handlers=None, ignore_user_meta=False, metas=['./colcon.meta'], base_paths=['.'], packages_ignore=None, packages_ignore_regex=None, paths=None, packages_up_to=None, packages_up_to_regex=None, packages_above=None, packages_above_and_dependencies=None, packages_above_depth=None, packages_select_by_dep=None, packages_skip_by_dep=None, packages_skip_up_to=None, packages_select_build_failed=False, packages_skip_build_finished=False, packages_select_test_failures=False, packages_skip_test_passed=False, packages_select=None, packages_skip=None, packages_select_regex=None, packages_skip_regex=None, packages_start=None, packages_end=None, allow_overriding=[], cmake_args=None, cmake_target=None, cmake_target_skip_unavailable=False, cmake_clean_cache=False, cmake_clean_first=False, cmake_force_configure=False, ament_cmake_args=None, catkin_cmake_args=None, catkin_skip_building_tests=False, verb_parser=<colcon_defaults.argument_parser.defaults.DefaultArgumentsDecorator object at 0x7f57eba3aa40>, verb_extension=<colcon_core.verb.build.BuildVerb object at 0x7f57eba3a530>, main=<bound method BuildVerb.main of <colcon_core.verb.build.BuildVerb object at 0x7f57eba3a530>>)
[0.408s] Level 1:colcon.colcon_core.package_discovery:discover_packages(colcon_meta) check parameters
[0.408s] Level 1:colcon.colcon_core.package_discovery:discover_packages(recursive) check parameters
[0.408s] Level 1:colcon.colcon_core.package_discovery:discover_packages(ignore) check parameters
[0.408s] Level 1:colcon.colcon_core.package_discovery:discover_packages(path) check parameters
[0.408s] Level 1:colcon.colcon_core.package_discovery:discover_packages(colcon_meta) discover
[0.408s] Level 1:colcon.colcon_core.package_discovery:discover_packages(recursive) discover
[0.408s] INFO:colcon.colcon_core.package_discovery:Crawling recursively for packages in '/home/rmer/ros2/sentry'
[0.408s] Level 1:colcon.colcon_core.package_identification:_identify(.) by extensions ['ignore', 'ignore_ament_install']
[0.409s] Level 1:colcon.colcon_core.package_identification:_identify(.) by extension 'ignore'
[0.409s] Level 1:colcon.colcon_core.package_identification:_identify(.) by extension 'ignore_ament_install'
[0.409s] Level 1:colcon.colcon_core.package_identification:_identify(.) by extensions ['colcon_pkg']
[0.409s] Level 1:colcon.colcon_core.package_identification:_identify(.) by extension 'colcon_pkg'
[0.409s] Level 1:colcon.colcon_core.package_identification:_identify(.) by extensions ['colcon_meta']
[0.409s] Level 1:colcon.colcon_core.package_identification:_identify(.) by extension 'colcon_meta'
[0.409s] Level 1:colcon.colcon_core.package_identification:_identify(.) by extensions ['ros']
[0.409s] Level 1:colcon.colcon_core.package_identification:_identify(.) by extension 'ros'
[0.426s] Level 1:colcon.colcon_core.package_identification:_identify(.) by extensions ['cmake', 'python']
[0.426s] Level 1:colcon.colcon_core.package_identification:_identify(.) by extension 'cmake'
[0.426s] Level 1:colcon.colcon_core.package_identification:_identify(.) by extension 'python'
[0.426s] Level 1:colcon.colcon_core.package_identification:_identify(.) by extensions ['python_setup_py']
[0.426s] Level 1:colcon.colcon_core.package_identification:_identify(.) by extension 'python_setup_py'
[0.426s] Level 1:colcon.colcon_core.package_identification:_identify(build) by extensions ['ignore', 'ignore_ament_install']
[0.426s] Level 1:colcon.colcon_core.package_identification:_identify(build) by extension 'ignore'
[0.426s] Level 1:colcon.colcon_core.package_identification:_identify(build) ignored
[0.426s] Level 1:colcon.colcon_core.package_identification:_identify(cmd_vel_sender) by extensions ['ignore', 'ignore_ament_install']
[0.426s] Level 1:colcon.colcon_core.package_identification:_identify(cmd_vel_sender) by extension 'ignore'
[0.426s] Level 1:colcon.colcon_core.package_identification:_identify(cmd_vel_sender) by extension 'ignore_ament_install'
[0.426s] Level 1:colcon.colcon_core.package_identification:_identify(cmd_vel_sender) by extensions ['colcon_pkg']
[0.426s] Level 1:colcon.colcon_core.package_identification:_identify(cmd_vel_sender) by extension 'colcon_pkg'
[0.426s] Level 1:colcon.colcon_core.package_identification:_identify(cmd_vel_sender) by extensions ['colcon_meta']
[0.426s] Level 1:colcon.colcon_core.package_identification:_identify(cmd_vel_sender) by extension 'colcon_meta'
[0.427s] Level 1:colcon.colcon_core.package_identification:_identify(cmd_vel_sender) by extensions ['ros']
[0.427s] Level 1:colcon.colcon_core.package_identification:_identify(cmd_vel_sender) by extension 'ros'
[0.430s] DEBUG:colcon.colcon_core.package_identification:Package 'cmd_vel_sender' with type 'ros.ament_cmake' and name 'cmd_vel_sender'
[0.430s] Level 1:colcon.colcon_core.package_identification:_identify(install) by extensions ['ignore', 'ignore_ament_install']
[0.430s] Level 1:colcon.colcon_core.package_identification:_identify(install) by extension 'ignore'
[0.430s] Level 1:colcon.colcon_core.package_identification:_identify(install) ignored
[0.430s] Level 1:colcon.colcon_core.package_identification:_identify(log) by extensions ['ignore', 'ignore_ament_install']
[0.430s] Level 1:colcon.colcon_core.package_identification:_identify(log) by extension 'ignore'
[0.430s] Level 1:colcon.colcon_core.package_identification:_identify(log) ignored
[0.430s] Level 1:colcon.colcon_core.package_discovery:discover_packages(recursive) using defaults
[0.430s] Level 1:colcon.colcon_core.package_discovery:discover_packages(ignore) discover
[0.430s] Level 1:colcon.colcon_core.package_discovery:discover_packages(ignore) using defaults
[0.430s] Level 1:colcon.colcon_core.package_discovery:discover_packages(path) discover
[0.430s] Level 1:colcon.colcon_core.package_discovery:discover_packages(path) using defaults
[0.460s] Level 1:colcon.colcon_core.package_discovery:discover_packages(prefix_path) check parameters
[0.460s] Level 1:colcon.colcon_core.package_discovery:discover_packages(prefix_path) discover
[0.463s] DEBUG:colcon.colcon_installed_package_information.package_discovery:Found 277 installed packages in /opt/ros/humble
[0.480s] Level 1:colcon.colcon_core.package_discovery:discover_packages(prefix_path) using defaults
[0.532s] Level 5:colcon.colcon_core.verb:set package 'cmd_vel_sender' build argument 'cmake_args' from command line to 'None'
[0.532s] Level 5:colcon.colcon_core.verb:set package 'cmd_vel_sender' build argument 'cmake_target' from command line to 'None'
[0.532s] Level 5:colcon.colcon_core.verb:set package 'cmd_vel_sender' build argument 'cmake_target_skip_unavailable' from command line to 'False'
[0.532s] Level 5:colcon.colcon_core.verb:set package 'cmd_vel_sender' build argument 'cmake_clean_cache' from command line to 'False'
[0.532s] Level 5:colcon.colcon_core.verb:set package 'cmd_vel_sender' build argument 'cmake_clean_first' from command line to 'False'
[0.532s] Level 5:colcon.colcon_core.verb:set package 'cmd_vel_sender' build argument 'cmake_force_configure' from command line to 'False'
[0.532s] Level 5:colcon.colcon_core.verb:set package 'cmd_vel_sender' build argument 'ament_cmake_args' from command line to 'None'
[0.532s] Level 5:colcon.colcon_core.verb:set package 'cmd_vel_sender' build argument 'catkin_cmake_args' from command line to 'None'
[0.532s] Level 5:colcon.colcon_core.verb:set package 'cmd_vel_sender' build argument 'catkin_skip_building_tests' from command line to 'False'
[0.532s] DEBUG:colcon.colcon_core.verb:Building package 'cmd_vel_sender' with the following arguments: {'ament_cmake_args': None, 'build_base': '/home/rmer/ros2/sentry/build/cmd_vel_sender', 'catkin_cmake_args': None, 'catkin_skip_building_tests': False, 'cmake_args': None, 'cmake_clean_cache': False, 'cmake_clean_first': False, 'cmake_force_configure': False, 'cmake_target': None, 'cmake_target_skip_unavailable': False, 'install_base': '/home/rmer/ros2/sentry/install/cmd_vel_sender', 'merge_install': False, 'path': '/home/rmer/ros2/sentry/cmd_vel_sender', 'symlink_install': False, 'test_result_base': None}
[0.532s] INFO:colcon.colcon_core.executor:Executing jobs using 'parallel' executor
[0.533s] DEBUG:colcon.colcon_parallel_executor.executor.parallel:run_until_complete
[0.533s] INFO:colcon.colcon_ros.task.ament_cmake.build:Building ROS package in '/home/rmer/ros2/sentry/cmd_vel_sender' with build type 'ament_cmake'
[0.533s] INFO:colcon.colcon_cmake.task.cmake.build:Building CMake package in '/home/rmer/ros2/sentry/cmd_vel_sender'
[0.541s] INFO:colcon.colcon_core.plugin_system:Skipping extension 'colcon_core.shell.bat': Not used on non-Windows systems
[0.541s] INFO:colcon.colcon_core.shell:Skip shell extension 'powershell' for command environment: Not usable outside of PowerShell
[0.541s] DEBUG:colcon.colcon_core.shell:Skip shell extension 'dsv' for command environment
[0.552s] DEBUG:colcon.colcon_core.event_handler.log_command:Invoking command in '/home/rmer/ros2/sentry/build/cmd_vel_sender': CMAKE_PREFIX_PATH=/opt/ros/humble /usr/local/bin/cmake --build /home/rmer/ros2/sentry/build/cmd_vel_sender -- -j16 -l16
[5.558s] DEBUG:colcon.colcon_core.event_handler.log_command:Invoked command in '/home/rmer/ros2/sentry/build/cmd_vel_sender' returned '2': CMAKE_PREFIX_PATH=/opt/ros/humble /usr/local/bin/cmake --build /home/rmer/ros2/sentry/build/cmd_vel_sender -- -j16 -l16
[5.591s] Level 1:colcon.colcon_core.environment:create_environment_scripts_only(cmd_vel_sender)
[5.597s] Level 1:colcon.colcon_core.environment:checking '/home/rmer/ros2/sentry/install/cmd_vel_sender' for CMake module files
[5.598s] Level 1:colcon.colcon_core.environment:checking '/home/rmer/ros2/sentry/install/cmd_vel_sender' for CMake config files
[5.598s] Level 1:colcon.colcon_core.shell:create_environment_hook('cmd_vel_sender', 'cmake_prefix_path')
[5.598s] INFO:colcon.colcon_core.shell:Creating environment hook '/home/rmer/ros2/sentry/install/cmd_vel_sender/share/cmd_vel_sender/hook/cmake_prefix_path.ps1'
[5.599s] INFO:colcon.colcon_core.shell:Creating environment descriptor '/home/rmer/ros2/sentry/install/cmd_vel_sender/share/cmd_vel_sender/hook/cmake_prefix_path.dsv'
[5.600s] INFO:colcon.colcon_core.shell:Creating environment hook '/home/rmer/ros2/sentry/install/cmd_vel_sender/share/cmd_vel_sender/hook/cmake_prefix_path.sh'
[5.601s] Level 1:colcon.colcon_core.environment:checking '/home/rmer/ros2/sentry/install/cmd_vel_sender/lib'
[5.601s] Level 1:colcon.colcon_core.environment:checking '/home/rmer/ros2/sentry/install/cmd_vel_sender/bin'
[5.601s] Level 1:colcon.colcon_core.environment:checking '/home/rmer/ros2/sentry/install/cmd_vel_sender/lib/pkgconfig/cmd_vel_sender.pc'
[5.601s] Level 1:colcon.colcon_core.environment:checking '/home/rmer/ros2/sentry/install/cmd_vel_sender/lib/python3.10/site-packages'
[5.601s] Level 1:colcon.colcon_core.environment:checking '/home/rmer/ros2/sentry/install/cmd_vel_sender/bin'
[5.602s] INFO:colcon.colcon_core.shell:Creating package script '/home/rmer/ros2/sentry/install/cmd_vel_sender/share/cmd_vel_sender/package.ps1'
[5.603s] INFO:colcon.colcon_core.shell:Creating package descriptor '/home/rmer/ros2/sentry/install/cmd_vel_sender/share/cmd_vel_sender/package.dsv'
[5.603s] INFO:colcon.colcon_core.shell:Creating package script '/home/rmer/ros2/sentry/install/cmd_vel_sender/share/cmd_vel_sender/package.sh'
[5.604s] INFO:colcon.colcon_core.shell:Creating package script '/home/rmer/ros2/sentry/install/cmd_vel_sender/share/cmd_vel_sender/package.bash'
[5.605s] INFO:colcon.colcon_core.shell:Creating package script '/home/rmer/ros2/sentry/install/cmd_vel_sender/share/cmd_vel_sender/package.zsh'
[5.606s] Level 1:colcon.colcon_core.environment:create_file_with_runtime_dependencies(/home/rmer/ros2/sentry/install/cmd_vel_sender/share/colcon-core/packages/cmd_vel_sender)
[5.616s] DEBUG:colcon.colcon_parallel_executor.executor.parallel:closing loop
[5.616s] DEBUG:colcon.colcon_parallel_executor.executor.parallel:loop closed
[5.617s] DEBUG:colcon.colcon_parallel_executor.executor.parallel:run_until_complete finished with '2'
[5.617s] DEBUG:colcon.colcon_core.event_reactor:joining thread
[5.627s] INFO:colcon.colcon_core.plugin_system:Skipping extension 'colcon_notification.desktop_notification.terminal_notifier': Not used on non-Darwin systems
[5.627s] INFO:colcon.colcon_core.plugin_system:Skipping extension 'colcon_notification.desktop_notification.win32': Not used on non-Windows systems
[5.627s] INFO:colcon.colcon_notification.desktop_notification:Sending desktop notification using 'notify2'
[5.641s] DEBUG:colcon.colcon_core.event_reactor:joined thread
[5.642s] INFO:colcon.colcon_core.shell:Creating prefix script '/home/rmer/ros2/sentry/install/local_setup.ps1'
[5.643s] INFO:colcon.colcon_core.shell:Creating prefix util module '/home/rmer/ros2/sentry/install/_local_setup_util_ps1.py'
[5.645s] INFO:colcon.colcon_core.shell:Creating prefix chain script '/home/rmer/ros2/sentry/install/setup.ps1'
[5.647s] INFO:colcon.colcon_core.shell:Creating prefix script '/home/rmer/ros2/sentry/install/local_setup.sh'
[5.648s] INFO:colcon.colcon_core.shell:Creating prefix util module '/home/rmer/ros2/sentry/install/_local_setup_util_sh.py'
[5.648s] INFO:colcon.colcon_core.shell:Creating prefix chain script '/home/rmer/ros2/sentry/install/setup.sh'
[5.650s] INFO:colcon.colcon_core.shell:Creating prefix script '/home/rmer/ros2/sentry/install/local_setup.bash'
[5.650s] INFO:colcon.colcon_core.shell:Creating prefix chain script '/home/rmer/ros2/sentry/install/setup.bash'
[5.652s] INFO:colcon.colcon_core.shell:Creating prefix script '/home/rmer/ros2/sentry/install/local_setup.zsh'
[5.653s] INFO:colcon.colcon_core.shell:Creating prefix chain script '/home/rmer/ros2/sentry/install/setup.zsh'
